******************************************************************************
                  TI ARM Linker PC v18.1.4                     
******************************************************************************
>> Linked Tue Nov 27 22:21:39 2018

OUTPUT FILE NAME:   <CE4000_Firmware_CC3220SF.out>
ENTRY POINT SYMBOL: "resetISR"  address: 0100296d


MEMORY CONFIGURATION

         name            origin    length      used     unused   attr    fill
----------------------  --------  ---------  --------  --------  ----  --------
  FLASH_HDR             01000000   000007ff  00000000  000007ff  R  X
  FLASH                 01000800   000ff800  00002714  000fd0ec  R  X
  SRAM                  20000000   00040000  00009a59  000365a7  RW X


SEGMENT ALLOCATION MAP

run origin  load origin   length   init length attrs members
----------  ----------- ---------- ----------- ----- -------
01000800    01000800    00002718   00002718    r-x
  01000800    01000800    00000040   00000040    r-- .resetVecs
  01000840    01000840    0000233e   0000233e    r-x .text
  01002b80    01002b80    00000296   00000296    r-- .const
  01002e18    01002e18    00000100   00000100    r-- .cinit
20000310    20000310    00008750   00000000    rw-
  20000310    20000310    00008000   00000000    rw- .sysmem
  20008310    20008310    000005c5   00000000    rw- .data
  200088d8    200088d8    00000188   00000000    rw- .bss
2003f000    2003f000    00001000   00000000    rw-
  2003f000    2003f000    00001000   00000000    rw- .stack


SECTION ALLOCATION MAP

 output                                  attributes/
section   page    origin      length       input sections
--------  ----  ----------  ----------   ----------------
.resetVecs 
*          0    01000800    00000040     
                  01000800    00000040     nortos_cc32xx.aem4 : startup_cc32xx_ccs.oem4 (.resetVecs:retain)

.text      0    01000840    0000233e     
                  01000840    0000042c     driverlib.a : prcm.obj (.text:PRCMCC3200MCUInit)
                  01000c6c    000001c8     drivers_cc32xx.aem4 : GPIOCC32XX.oem4 (.text:GPIO_setConfig)
                  01000e34    0000019c     nortos_cc32xx.aem4 : PowerCC32XX_nortos.oem4 (.text:PowerCC32XX_sleepPolicy)
                  01000fd0    00000150     drivers_cc32xx.aem4 : PowerCC32XX.oem4 (.text:parkPins)
                  01001120    00000118                         : PowerCC32XX.oem4 (.text:Power_sleep)
                  01001238    000000d8     rtsv7M4_T_le_eabi.lib : memory.c.obj (.text:free)
                  01001310    000000c4     drivers_cc32xx.aem4 : GPIOCC32XX.oem4 (.text:GPIO_init)
                  010013d4    000000b4                         : PowerCC32XX.oem4 (.text:restoreParkedPins)
                  01001488    000000a8     driverlib.a : interrupt.obj (.text:IntEnable)
                  01001530    000000a8     drivers_cc32xx.aem4 : PowerCC32XX.oem4 (.text:PowerCC32XX_configureWakeup)
                  010015d8    000000a0     nortos_cc32xx.aem4 : SemaphoreP_nortos.oem4 (.text:SemaphoreP_pend)
                  01001678    0000009c     rtsv7M4_T_le_eabi.lib : memcpy_t2.asm.obj (.text)
                  01001714    00000098     drivers_cc32xx.aem4 : GPIOCC32XX.oem4 (.text:powerNotifyFxn)
                  010017ac    00000096     rtsv7M4_T_le_eabi.lib : ull_div_t2.asm.obj (.text)
                  01001842    00000002     nortos_cc32xx.aem4 : PowerCC32XX_nortos.oem4 (.text:PowerCC32XX_initPolicy)
                  01001844    00000090     drivers_cc32xx.aem4 : PowerCC32XX.oem4 (.text:restoreNVICRegs)
                  010018d4    0000008c     nortos_cc32xx.aem4 : HwiPCC32XX_nortos.oem4 (.text:HwiP_construct)
                  01001960    00000088     driverlib.a : interrupt.obj (.text:IntPendSet)
                  010019e8    00000088                 : pin.obj (.text:PinConfigSet)
                  01001a70    00000084     drivers_cc32xx.aem4 : PowerCC32XX.oem4 (.text:Power_init)
                  01001af4    00000084                         : PowerCC32XX.oem4 (.text:saveNVICRegs)
                  01001b78    00000080                         : PowerCC32XX.oem4 (.text:Power_setDependency)
                  01001bf8    00000080     main_nortos.obj (.text:main)
                  01001c78    00000078     drivers_cc32xx.aem4 : GPIOCC32XX.oem4 (.text:GPIO_hwiIntFxn)
                  01001cf0    00000078     rtsv7M4_T_le_eabi.lib : memory.c.obj (.text:malloc)
                  01001d68    00000068                           : copy_decompress_lzss.c.obj (.text:decompress:lzss:__TI_decompress_lzss)
                  01001dd0    00000064     drivers_cc32xx.aem4 : GPIOCC32XX.oem4 (.text:GPIO_toggle)
                  01001e34    00000064                         : PowerCC32XX.oem4 (.text:PowerCC32XX_setParkState)
                  01001e98    00000060     nortos_cc32xx.aem4 : ClockPSysTick_nortos.oem4 (.text:ClockP_start)
                  01001ef8    00000060     driverlib.a : prcm.obj (.text:PRCMSysResetCauseGet)
                  01001f58    0000005c     nortos_cc32xx.aem4 : ClockPSysTick_nortos.oem4 (.text:sysTickInit)
                  01001fb4    00000058     drivers_cc32xx.aem4 : GPIOCC32XX.oem4 (.text:GPIO_setCallback)
                  0100200c    00000058                         : GPIOCC32XX.oem4 (.text:GPIO_write)
                  01002064    00000058     driverlib.a : prcm.obj (.text:PRCMPeripheralReset)
                  010020bc    00000052     drivers_cc32xx.aem4 : PowerCC32XX.oem4 (.text:PowerCC32XX_parkPin)
                  0100210e    00000052                         : PowerCC32XX_asm.oem4 (.text:PowerCC32XX_resumeLPDS)
                  01002160    00000050     nortos_cc32xx.aem4 : SemaphoreP_nortos.oem4 (.text:SemaphoreP_construct)
                  010021b0    0000004c     drivers_cc32xx.aem4 : GPIOCC32XX.oem4 (.text:GPIO_enableInt)
                  010021fc    0000004c                         : PowerCC32XX.oem4 (.text:restorePeriphClocks)
                  01002248    00000048     driverlib.a : flash.obj (.text:FlashDisable)
                  01002290    00000048                 : prcm.obj (.text:PRCMLPDSEnter)
                  010022d8    00000048                 : prcm.obj (.text:PRCMPeripheralClkEnable)
                  01002320    00000044     nortos_cc32xx.aem4 : ClockPSysTick_nortos.oem4 (.text:ClockP_stop)
                  01002364    00000044                        : ClockPSysTick_nortos.oem4 (.text:ClockP_sysTickHandler)
                  010023a8    00000044     driverlib.a : prcm.obj (.text:PRCMLPDSRestoreInfoSet)
                  010023ec    00000044     drivers_cc32xx.aem4 : PowerCC32XX_asm.oem4 (.text:PowerCC32XX_enterLPDS)
                  01002430    00000044     nortos_cc32xx.aem4 : SemaphoreP_nortos.oem4 (.text:SemaphoreP_post)
                  01002474    00000044                        : SwiP_nortos.oem4 (.text:SwiP_restore)
                  010024b8    00000044     rtsv7M4_T_le_eabi.lib : autoinit.c.obj (.text:__TI_auto_init_nobinit_nopinit:__TI_auto_init_nobinit_nopinit)
                  010024fc    00000040     driverlib.a : pin.obj (.text:PinModeSet)
                  0100253c    0000003c     nortos_cc32xx.aem4 : ClockPSysTick_nortos.oem4 (.text:ClockP_destruct)
                  01002578    0000003c                        : PowerCC32XX_nortos.oem4 (.text:getCountsRTC)
                  010025b4    0000003c     rtsv7M4_T_le_eabi.lib : memory.c.obj (.text:minsert)
                  010025f0    00000038     drivers_cc32xx.aem4 : GPIOCC32XX.oem4 (.text:GPIO_read)
                  01002628    00000038     driverlib.a : prcm.obj (.text:PRCMLPDSEnterKeepDebugIf)
                  01002660    00000038     nortos_cc32xx.aem4 : startup_cc32xx_ccs.oem4 (.text:initVectors)
                  01002698    00000038     rtsv7M4_T_le_eabi.lib : memory.c.obj (.text:minit)
                  010026d0    00000038     drivers_cc32xx.aem4 : PowerCC32XX.oem4 (.text:notify)
                  01002708    00000036                         : PowerCC32XX.oem4 (.text:PowerCC32XX_restoreParkedPin)
                  0100273e    00000002     rtsv7M4_T_le_eabi.lib : _lock.c.obj (.text:_nop)
                  01002740    00000034     nortos_cc32xx.aem4 : ClockPSysTick_nortos.oem4 (.text:ClockP_getTicksUntilInterrupt)
                  01002774    00000034                        : ClockPSysTick_nortos.oem4 (.text:ClockP_startup)
                  010027a8    00000034     driverlib.a : pin.obj (.text:PinModeGet)
                  010027dc    0000002a     nortos_cc32xx.aem4 : HwiPCC32XX_nortos.oem4 (.text:HwiP_create)
                  01002806    00000002                        : startup_cc32xx_ccs.oem4 (.text:busFaultHandler)
                  01002808    00000028     driverlib.a : prcm.obj (.text:PRCMPeripheralClkDisable)
                  01002830    00000028     drivers_cc32xx.aem4 : PowerCC32XX.oem4 (.text:Power_registerNotify)
                  01002858    00000028     rtsv7M4_T_le_eabi.lib : boot_cortex_m.c.obj (.text:_c_int00_noargs:_c_int00_noargs)
                  01002880    00000028                           : memory.c.obj (.text:mremove)
                  010028a8    00000026     drivers_cc32xx.aem4 : List.oem4 (.text:List_put)
                  010028ce    00000002     nortos_cc32xx.aem4 : SemaphoreP_nortos.oem4 (.text:clkFxn)
                  010028d0    00000024                        : HwiPCC32XX_nortos.oem4 (.text:HwiP_dispatch)
                  010028f4    00000022     main_nortos.obj (.text:IRedgeDetector)
                  01002916    00000002     nortos_cc32xx.aem4 : startup_cc32xx_ccs.oem4 (.text:defaultHandler)
                  01002918    0000001c     driverlib.a : pin.obj (.text:PinToPadGet)
                  01002934    0000001c     nortos_cc32xx.aem4 : SwiP_nortos.oem4 (.text:SwiP_disable)
                  01002950    0000001a                        : SemaphoreP_nortos.oem4 (.text:SemaphoreP_createBinary)
                  0100296a    00000002                        : startup_cc32xx_ccs.oem4 (.text:faultISR)
                  0100296c    0000001a                        : startup_cc32xx_ccs.oem4 (.text:resetISR)
                  01002986    00000002                        : startup_cc32xx_ccs.oem4 (.text:nmiISR)
                  01002988    00000018     drivers_cc32xx.aem4 : PowerCC32XX.oem4 (.text:Power_idleFunc)
                  010029a0    00000018     rtsv7M4_T_le_eabi.lib : ll_mul_t2.asm.obj (.text)
                  010029b8    00000016     driverlib.a : prcm.obj (.text:PRCMHIBRegRead)
                  010029ce    00000016                 : prcm.obj (.text:PRCMHIBRegWrite)
                  010029e4    00000016     nortos_cc32xx.aem4 : SemaphoreP_nortos.oem4 (.text:SemaphoreP_create)
                  010029fa    00000014     driverlib.a : cpu.obj (.text:CPUcpsid)
                  01002a0e    00000002     rtsv7M4_T_le_eabi.lib : div0.asm.obj (.text)
                  01002a10    00000014     nortos_cc32xx.aem4 : HwiPCC32XX_nortos.oem4 (.text:HwiP_inISR)
                  01002a24    00000014     driverlib.a : interrupt.obj (.text:IntVTableBaseSet)
                  01002a38    00000014     drivers_cc32xx.aem4 : PowerCC32XX.oem4 (.text:Power_disablePolicy)
                  01002a4c    00000014                         : PowerCC32XX.oem4 (.text:Power_getDependencyCount)
                  01002a60    00000012     nortos_cc32xx.aem4 : HwiPCC32XX_nortos.oem4 (.text:HwiP_Params_init)
                  01002a72    00000012     rtsv7M4_T_le_eabi.lib : copy_zero_init.c.obj (.text:decompress:ZI:__TI_zero_init_nomemset:__TI_zero_init_nomemset)
                  01002a84    00000010     nortos_cc32xx.aem4 : ClockPSysTick_nortos.oem4 (.text:ClockP_add)
                  01002a94    00000010                        : ClockPSysTick_nortos.oem4 (.text:ClockP_getCpuFreq)
                  01002aa4    00000010                        : ClockPSysTick_nortos.oem4 (.text:ClockP_getSystemTicks)
                  01002ab4    00000010                        : ClockPSysTick_nortos.oem4 (.text:ClockP_setTicks)
                  01002ac4    00000010                        : HwiPCC32XX_nortos.oem4 (.text:HwiP_restore)
                  01002ad4    00000010     drivers_cc32xx.aem4 : PowerCC32XX.oem4 (.text:Power_enablePolicy)
                  01002ae4    00000010     nortos_cc32xx.aem4 : SemaphoreP_nortos.oem4 (.text:SemaphoreP_Params_init)
                  01002af4    0000000e                        : HwiPCC32XX_nortos.oem4 (.text:HwiP_disable)
                  01002b02    0000000e                        : HwiPCC32XX_nortos.oem4 (.text:HwiP_enable)
                  01002b10    0000000e     rtsv7M4_T_le_eabi.lib : copy_decompress_none.c.obj (.text:decompress:none:__TI_decompress_none)
                  01002b1e    0000000e     main_nortos.obj (.text:gpioButtonFxn0)
                  01002b2c    0000000e     main_nortos.obj (.text:gpioButtonFxn1)
                  01002b3a    0000000c     CC3220SF_LAUNCHXL.obj (.text:CC3220SF_LAUNCHXL_initGeneral)
                  01002b46    00000002     --HOLE-- [fill = 0]
                  01002b48    0000000c     drivers_cc32xx.aem4 : PowerCC32XX.oem4 (.text:Power_getConstraintMask)
                  01002b54    0000000a     nortos_cc32xx.aem4 : ClockPSysTick_nortos.oem4 (.text:ClockP_isActive)
                  01002b5e    0000000a     driverlib.a : interrupt.obj (.text:IntMasterDisable)
                  01002b68    00000006                 : utils.obj (.text:UtilsDelay)
                  01002b6e    00000004     nortos_cc32xx.aem4 : HwiPCC32XX_nortos.oem4 (.text:HwiP_post)
                  01002b72    00000004                        : SemaphoreP_nortos.oem4 (.text:SemaphoreP_delete)
                  01002b76    00000004     rtsv7M4_T_le_eabi.lib : pre_init.c.obj (.text:_system_pre_init)
                  01002b7a    00000004                           : exit.c.obj (.text:abort:abort)

.const     0    01002b80    00000296     
                  01002b80    00000100     driverlib.a : pin.obj (.const:g_ulPinToPadMap)
                  01002c80    000000a8                 : prcm.obj (.const:PRCM_PeriphRegsList)
                  01002d28    00000040     CC3220SF_LAUNCHXL.obj (.const:PowerCC32XX_config)
                  01002d68    00000021     drivers_cc32xx.aem4 : GPIOCC32XX.oem4 (.const:.string:pinTable)
                  01002d89    00000003     --HOLE-- [fill = 0]
                  01002d8c    00000018     driverlib.a : interrupt.obj (.const:g_pulEnRegs)
                  01002da4    00000018                 : interrupt.obj (.const:g_pulPendRegs)
                  01002dbc    00000014     CC3220SF_LAUNCHXL.obj (.const:GPIOCC32XX_config)
                  01002dd0    00000014     drivers_cc32xx.aem4 : GPIOCC32XX.oem4 (.const:gpioBaseAddresses)
                  01002de4    00000014                         : GPIOCC32XX.oem4 (.const:powerResources)
                  01002df8    00000008                         : GPIOCC32XX.oem4 (.const:outPinTypes)
                  01002e00    00000006                         : GPIOCC32XX.oem4 (.const:.string:interruptType)
                  01002e06    00000006                         : GPIOCC32XX.oem4 (.const:inPinTypes)
                  01002e0c    00000006                         : GPIOCC32XX.oem4 (.const:outPinStrengths)
                  01002e12    00000004                         : GPIOCC32XX.oem4 (.const:.string:portInterruptIds)

.cinit     0    01002e18    00000100     
                  01002e18    000000d8     (.cinit..data.load) [load image, compression = lzss]
                  01002ef0    0000000c     (__TI_handler_table)
                  01002efc    00000004     --HOLE-- [fill = 0]
                  01002f00    00000008     (.cinit..bss.load) [load image, compression = zero_init]
                  01002f08    00000010     (__TI_cinit_table)

.init_array 
*          0    01000800    00000000     UNINITIALIZED

.ramVecs   0    20000000    0000030c     NOLOAD SECTION
                  20000000    0000030c     nortos_cc32xx.aem4 : startup_cc32xx_ccs.oem4 (.ramVecs)

.sysmem    0    20000310    00008000     UNINITIALIZED
                  20000310    00000008     rtsv7M4_T_le_eabi.lib : memory.c.obj (.sysmem)
                  20000318    00007ff8     --HOLE--

.data      0    20008310    000005c5     UNINITIALIZED
                  20008310    0000030c     nortos_cc32xx.aem4 : HwiPCC32XX_nortos.oem4 (.data:HwiP_dispatchTable)
                  2000861c    0000016c     drivers_cc32xx.aem4 : PowerCC32XX.oem4 (.data:PowerCC32XX_module)
                  20008788    000000f8     CC3220SF_LAUNCHXL.obj (.data:parkInfo)
                  20008880    00000014     CC3220SF_LAUNCHXL.obj (.data:gpioPinConfigs)
                  20008894    0000000c     rtsv7M4_T_le_eabi.lib : memory.c.obj (.data:$O1$$)
                  200088a0    0000000c     CC3220SF_LAUNCHXL.obj (.data:gpioCallbackFunctions)
                  200088ac    00000009     drivers_cc32xx.aem4 : GPIOCC32XX.oem4 (.data)
                  200088b5    00000003     nortos_cc32xx.aem4 : SemaphoreP_nortos.oem4 (.data)
                  200088b8    00000008     rtsv7M4_T_le_eabi.lib : _lock.c.obj (.data:$O1$$)
                  200088c0    00000008     nortos_cc32xx.aem4 : SemaphoreP_nortos.oem4 (.data:SemaphoreP_defaultParams)
                  200088c8    00000008                        : HwiPCC32XX_nortos.oem4 (.data)
                  200088d0    00000005                        : ClockPSysTick_nortos.oem4 (.data)

.bss       0    200088d8    00000188     UNINITIALIZED
                  200088d8    0000012c     (.common:PowerCC32XX_contextSave)
                  20008a04    00000020     drivers_cc32xx.aem4 : GPIOCC32XX.oem4 (.bss:gpioCallbackInfo)
                  20008a24    00000014                         : GPIOCC32XX.oem4 (.bss:powerNotifyObj)
                  20008a38    00000010     (.common:ClockP_ctrl)
                  20008a48    0000000d     nortos_cc32xx.aem4 : SwiP_nortos.oem4 (.bss)
                  20008a55    00000003     --HOLE--
                  20008a58    00000004     drivers_cc32xx.aem4 : GPIOCC32XX.oem4 (.bss)
                  20008a5c    00000004     nortos_cc32xx.aem4 : ClockPSysTick_nortos.oem4 (.bss)

.stack     0    2003f000    00001000     UNINITIALIZED
                  2003f000    00000004     rtsv7M4_T_le_eabi.lib : boot_cortex_m.c.obj (.stack)
                  2003f004    00000ffc     --HOLE--

.binit     0    01000000    00000000     

MODULE SUMMARY

       Module                       code   ro data   rw data
       ------                       ----   -------   -------
    .\
       CC3220SF_LAUNCHXL.obj        12     84        280    
    +--+----------------------------+------+---------+---------+
       Total:                       12     84        280    
                                                            
    .\src\
       main_nortos.obj              190    0         0      
    +--+----------------------------+------+---------+---------+
       Total:                       190    0         0      
                                                            
    C:/ti/simplelink_cc32xx_sdk_2_30_00_05/kernel/nortos/lib/nortos_cc32xx.aem4
       HwiPCC32XX_nortos.oem4       304    0         788    
       startup_cc32xx_ccs.oem4      90     64        780    
       ClockPSysTick_nortos.oem4    562    0         25     
       PowerCC32XX_nortos.oem4      474    0         0      
       SemaphoreP_nortos.oem4       378    0         11     
       SwiP_nortos.oem4             96     0         13     
    +--+----------------------------+------+---------+---------+
       Total:                       1904   64        1617   
                                                            
    C:/ti/simplelink_cc32xx_sdk_2_30_00_05/source/ti/devices/cc32xx/driverlib/ccs/Release/driverlib.a
       prcm.obj                     1604   168       0      
       pin.obj                      280    256       0      
       interrupt.obj                334    48        0      
       flash.obj                    72     0         0      
       cpu.obj                      20     0         0      
       utils.obj                    6      0         0      
    +--+----------------------------+------+---------+---------+
       Total:                       2316   472       0      
                                                            
    C:/ti/simplelink_cc32xx_sdk_2_30_00_05/source/ti/drivers/lib/drivers_cc32xx.aem4
       PowerCC32XX.oem4             2000   0         664    
       GPIOCC32XX.oem4              1332   103       65     
       PowerCC32XX_asm.oem4         150    0         0      
       List.oem4                    38     0         0      
    +--+----------------------------+------+---------+---------+
       Total:                       3520   103       729    
                                                            
    C:\ti\ccsv8\tools\compiler\ti-cgt-arm_18.1.4.LTS\lib\rtsv7M4_T_le_eabi.lib
       memory.c.obj                 492    0         12     
       memcpy_t2.asm.obj            156    0         0      
       ull_div_t2.asm.obj           150    0         0      
       copy_decompress_lzss.c.obj   104    0         0      
       autoinit.c.obj               68     0         0      
       boot_cortex_m.c.obj          40     0         0      
       ll_mul_t2.asm.obj            24     0         0      
       copy_zero_init.c.obj         18     0         0      
       copy_decompress_none.c.obj   14     0         0      
       _lock.c.obj                  2      0         8      
       exit.c.obj                   4      0         0      
       pre_init.c.obj               4      0         0      
       div0.asm.obj                 2      0         0      
    +--+----------------------------+------+---------+---------+
       Total:                       1078   0         20     
                                                            
       Heap:                        0      0         32768  
       Stack:                       0      0         4096   
       Linker Generated:            0      252       0      
    +--+----------------------------+------+---------+---------+
       Grand Total:                 9020   975       39510  


LINKER GENERATED COPY TABLES

__TI_cinit_table @ 01002f08 records: 2, size/record: 8, table size: 16
	.data: load addr=01002e18, load size=000000d8 bytes, run addr=20008310, run size=000005c5 bytes, compression=lzss
	.bss: load addr=01002f00, load size=00000008 bytes, run addr=200088d8, run size=00000188 bytes, compression=zero_init


LINKER GENERATED HANDLER TABLE

__TI_handler_table @ 01002ef0 records: 3, size/record: 4, table size: 12
	index: 0, handler: __TI_decompress_lzss
	index: 1, handler: __TI_decompress_none
	index: 2, handler: __TI_zero_init


GLOBAL SYMBOLS: SORTED ALPHABETICALLY BY Name 

address   name                          
-------   ----                          
01002b7b  C$$EXIT                       
01002b3b  CC3220SF_LAUNCHXL_initGeneral 
010029fb  CPUcpsid                      
01002a85  ClockP_add                    
20008a38  ClockP_ctrl                   
0100253d  ClockP_destruct               
01002365  ClockP_doTick                 
01002a95  ClockP_getCpuFreq             
01002aa5  ClockP_getSystemTicks         
01002741  ClockP_getTicksUntilInterrupt 
01002b55  ClockP_isActive               
01002ab5  ClockP_setTicks               
01001e99  ClockP_start                  
01002775  ClockP_startup                
01002321  ClockP_stop                   
01002365  ClockP_sysTickHandler         
200088d0  ClockP_tickPeriod             
01002249  FlashDisable                  
01002dbc  GPIOCC32XX_config             
010021b1  GPIO_enableInt                
01001c79  GPIO_hwiIntFxn                
01001311  GPIO_init                     
010025f1  GPIO_read                     
01001fb5  GPIO_setCallback              
01000c6d  GPIO_setConfig                
01001dd1  GPIO_toggle                   
0100200d  GPIO_write                    
01002a61  HwiP_Params_init              
010018d5  HwiP_construct                
010027dd  HwiP_create                   
01002af5  HwiP_disable                  
010028d1  HwiP_dispatch                 
01002b03  HwiP_enable                   
01002a11  HwiP_inISR                    
200088c8  HwiP_key                      
01002b6f  HwiP_post                     
01002ac5  HwiP_restore                  
200088cc  HwiP_swiPIntNum               
010028f5  IRedgeDetector                
01001489  IntEnable                     
01002b5f  IntMasterDisable              
01001961  IntPendSet                    
01002a25  IntVTableBaseSet              
010028a9  List_put                      
01002b03  NoRTOS_start                  
01000841  PRCMCC3200MCUInit             
010029b9  PRCMHIBRegRead                
010029cf  PRCMHIBRegWrite               
01002291  PRCMLPDSEnter                 
01002629  PRCMLPDSEnterKeepDebugIf      
010023a9  PRCMLPDSRestoreInfoSet        
01002809  PRCMPeripheralClkDisable      
010022d9  PRCMPeripheralClkEnable       
01002065  PRCMPeripheralReset           
01001ef9  PRCMSysResetCauseGet          
010019e9  PinConfigSet                  
010027a9  PinModeGet                    
010024fd  PinModeSet                    
01002919  PinToPadGet                   
01002d28  PowerCC32XX_config            
01001531  PowerCC32XX_configureWakeup   
200088d8  PowerCC32XX_contextSave       
010023ed  PowerCC32XX_enterLPDS         
01001843  PowerCC32XX_initPolicy        
2000861c  PowerCC32XX_module            
010020bd  PowerCC32XX_parkPin           
01002709  PowerCC32XX_restoreParkedPin  
0100210f  PowerCC32XX_resumeLPDS        
01001e35  PowerCC32XX_setParkState      
01000e35  PowerCC32XX_sleepPolicy       
01002a39  Power_disablePolicy           
01002ad5  Power_enablePolicy            
01002b49  Power_getConstraintMask       
01002a4d  Power_getDependencyCount      
01002989  Power_idleFunc                
01001a71  Power_init                    
01002831  Power_registerNotify          
01001b79  Power_setDependency           
01001121  Power_sleep                   
01002ae5  SemaphoreP_Params_init        
01002161  SemaphoreP_construct          
010029e5  SemaphoreP_create             
01002951  SemaphoreP_createBinary       
200088c0  SemaphoreP_defaultParams      
01002b73  SemaphoreP_delete             
010015d9  SemaphoreP_pend               
01002431  SemaphoreP_post               
01002935  SwiP_disable                  
01002475  SwiP_restore                  
01002b69  UtilsDelay                    
20040000  __STACK_END                   
00001000  __STACK_SIZE                  
00008000  __SYSMEM_SIZE                 
01002f08  __TI_CINIT_Base               
01002f18  __TI_CINIT_Limit              
01002ef0  __TI_Handler_Table_Base       
01002efc  __TI_Handler_Table_Limit      
010024b9  __TI_auto_init_nobinit_nopinit
01001d69  __TI_decompress_lzss          
01002b11  __TI_decompress_none          
ffffffff  __TI_pprof_out_hndl           
ffffffff  __TI_prof_data_size           
ffffffff  __TI_prof_data_start          
01002e18  __TI_static_base__            
01002a73  __TI_zero_init_nomemset       
01002a0f  __aeabi_idiv0                 
01002a0f  __aeabi_ldiv0                 
010029a1  __aeabi_lmul                  
01001679  __aeabi_memcpy                
01001679  __aeabi_memcpy4               
01001679  __aeabi_memcpy8               
010017ad  __aeabi_uldivmod              
ffffffff  __binit__                     
ffffffff  __c_args__                    
UNDEFED   __mpu_init                    
2003f000  __stack                       
01002859  _c_int00_noargs               
200088b8  _lock                         
0100273f  _nop                          
20000310  _sys_memory                   
UNDEFED   _system_post_cinit            
01002b77  _system_pre_init              
200088bc  _unlock                       
01002b7b  abort                         
ffffffff  binit                         
010028cf  clkFxn                        
01001239  free                          
01002b1f  gpioButtonFxn0                
01002b2d  gpioButtonFxn1                
200088a0  gpioCallbackFunctions         
20008880  gpioPinConfigs                
01002e06  inPinTypes                    
01002661  initVectors                   
01001bf9  main                          
01001cf1  malloc                        
01001679  memcpy                        
01002699  minit                         
01002e0c  outPinStrengths               
01002df8  outPinTypes                   
20008788  parkInfo                      
0100296d  resetISR                      
01002980  resetVectorAddr               
01000800  resetVectors                  


GLOBAL SYMBOLS: SORTED BY Symbol Address 

address   name                          
-------   ----                          
00001000  __STACK_SIZE                  
00008000  __SYSMEM_SIZE                 
01000800  resetVectors                  
01000841  PRCMCC3200MCUInit             
01000c6d  GPIO_setConfig                
01000e35  PowerCC32XX_sleepPolicy       
01001121  Power_sleep                   
01001239  free                          
01001311  GPIO_init                     
01001489  IntEnable                     
01001531  PowerCC32XX_configureWakeup   
010015d9  SemaphoreP_pend               
01001679  __aeabi_memcpy                
01001679  __aeabi_memcpy4               
01001679  __aeabi_memcpy8               
01001679  memcpy                        
010017ad  __aeabi_uldivmod              
01001843  PowerCC32XX_initPolicy        
010018d5  HwiP_construct                
01001961  IntPendSet                    
010019e9  PinConfigSet                  
01001a71  Power_init                    
01001b79  Power_setDependency           
01001bf9  main                          
01001c79  GPIO_hwiIntFxn                
01001cf1  malloc                        
01001d69  __TI_decompress_lzss          
01001dd1  GPIO_toggle                   
01001e35  PowerCC32XX_setParkState      
01001e99  ClockP_start                  
01001ef9  PRCMSysResetCauseGet          
01001fb5  GPIO_setCallback              
0100200d  GPIO_write                    
01002065  PRCMPeripheralReset           
010020bd  PowerCC32XX_parkPin           
0100210f  PowerCC32XX_resumeLPDS        
01002161  SemaphoreP_construct          
010021b1  GPIO_enableInt                
01002249  FlashDisable                  
01002291  PRCMLPDSEnter                 
010022d9  PRCMPeripheralClkEnable       
01002321  ClockP_stop                   
01002365  ClockP_doTick                 
01002365  ClockP_sysTickHandler         
010023a9  PRCMLPDSRestoreInfoSet        
010023ed  PowerCC32XX_enterLPDS         
01002431  SemaphoreP_post               
01002475  SwiP_restore                  
010024b9  __TI_auto_init_nobinit_nopinit
010024fd  PinModeSet                    
0100253d  ClockP_destruct               
010025f1  GPIO_read                     
01002629  PRCMLPDSEnterKeepDebugIf      
01002661  initVectors                   
01002699  minit                         
01002709  PowerCC32XX_restoreParkedPin  
0100273f  _nop                          
01002741  ClockP_getTicksUntilInterrupt 
01002775  ClockP_startup                
010027a9  PinModeGet                    
010027dd  HwiP_create                   
01002809  PRCMPeripheralClkDisable      
01002831  Power_registerNotify          
01002859  _c_int00_noargs               
010028a9  List_put                      
010028cf  clkFxn                        
010028d1  HwiP_dispatch                 
010028f5  IRedgeDetector                
01002919  PinToPadGet                   
01002935  SwiP_disable                  
01002951  SemaphoreP_createBinary       
0100296d  resetISR                      
01002980  resetVectorAddr               
01002989  Power_idleFunc                
010029a1  __aeabi_lmul                  
010029b9  PRCMHIBRegRead                
010029cf  PRCMHIBRegWrite               
010029e5  SemaphoreP_create             
010029fb  CPUcpsid                      
01002a0f  __aeabi_idiv0                 
01002a0f  __aeabi_ldiv0                 
01002a11  HwiP_inISR                    
01002a25  IntVTableBaseSet              
01002a39  Power_disablePolicy           
01002a4d  Power_getDependencyCount      
01002a61  HwiP_Params_init              
01002a73  __TI_zero_init_nomemset       
01002a85  ClockP_add                    
01002a95  ClockP_getCpuFreq             
01002aa5  ClockP_getSystemTicks         
01002ab5  ClockP_setTicks               
01002ac5  HwiP_restore                  
01002ad5  Power_enablePolicy            
01002ae5  SemaphoreP_Params_init        
01002af5  HwiP_disable                  
01002b03  HwiP_enable                   
01002b03  NoRTOS_start                  
01002b11  __TI_decompress_none          
01002b1f  gpioButtonFxn0                
01002b2d  gpioButtonFxn1                
01002b3b  CC3220SF_LAUNCHXL_initGeneral 
01002b49  Power_getConstraintMask       
01002b55  ClockP_isActive               
01002b5f  IntMasterDisable              
01002b69  UtilsDelay                    
01002b6f  HwiP_post                     
01002b73  SemaphoreP_delete             
01002b77  _system_pre_init              
01002b7b  C$$EXIT                       
01002b7b  abort                         
01002d28  PowerCC32XX_config            
01002dbc  GPIOCC32XX_config             
01002df8  outPinTypes                   
01002e06  inPinTypes                    
01002e0c  outPinStrengths               
01002e18  __TI_static_base__            
01002ef0  __TI_Handler_Table_Base       
01002efc  __TI_Handler_Table_Limit      
01002f08  __TI_CINIT_Base               
01002f18  __TI_CINIT_Limit              
20000310  _sys_memory                   
2000861c  PowerCC32XX_module            
20008788  parkInfo                      
20008880  gpioPinConfigs                
200088a0  gpioCallbackFunctions         
200088b8  _lock                         
200088bc  _unlock                       
200088c0  SemaphoreP_defaultParams      
200088c8  HwiP_key                      
200088cc  HwiP_swiPIntNum               
200088d0  ClockP_tickPeriod             
200088d8  PowerCC32XX_contextSave       
20008a38  ClockP_ctrl                   
2003f000  __stack                       
20040000  __STACK_END                   
ffffffff  __TI_pprof_out_hndl           
ffffffff  __TI_prof_data_size           
ffffffff  __TI_prof_data_start          
ffffffff  __binit__                     
ffffffff  __c_args__                    
ffffffff  binit                         
UNDEFED   __mpu_init                    
UNDEFED   _system_post_cinit            

[143 symbols]
