<?xml version="1.0" encoding="ISO-8859-1" ?>
<link_info>
   <banner>TI ARM Linker PC v18.1.4.LTS</banner>
   <copyright>Copyright (c) 1996-2018 Texas Instruments Incorporated</copyright>
   <link_time>0x5bfe17d3</link_time>
   <link_errors>0x0</link_errors>
   <output_file>CE4000_Firmware_CC3220SF.out</output_file>
   <entry_point>
      <name>resetISR</name>
      <address>0x100296d</address>
   </entry_point>
   <input_file_list>
      <input_file id="fl-2">
         <path>.\</path>
         <kind>object</kind>
         <file>CC3220SF_LAUNCHXL.obj</file>
         <name>CC3220SF_LAUNCHXL.obj</name>
      </input_file>
      <input_file id="fl-3">
         <path>.\src\</path>
         <kind>object</kind>
         <file>main_nortos.obj</file>
         <name>main_nortos.obj</name>
      </input_file>
      <input_file id="fl-e">
         <kind>object</kind>
         <file>&lt;internal&gt;</file>
         <name>&lt;internal&gt;</name>
      </input_file>
      <input_file id="fl-f">
         <path>C:\ti\simplelink_cc32xx_sdk_2_30_00_05\source\ti\display\lib\</path>
         <kind>archive</kind>
         <file>display.aem4</file>
         <name>DisplayUart.oem4</name>
      </input_file>
      <input_file id="fl-10">
         <path>C:\ti\simplelink_cc32xx_sdk_2_30_00_05\source\ti\drivers\lib\</path>
         <kind>archive</kind>
         <file>drivers_cc32xx.aem4</file>
         <name>ADCCC32XX.oem4</name>
      </input_file>
      <input_file id="fl-11">
         <path>C:\ti\simplelink_cc32xx_sdk_2_30_00_05\source\ti\drivers\lib\</path>
         <kind>archive</kind>
         <file>drivers_cc32xx.aem4</file>
         <name>CaptureCC32XX.oem4</name>
      </input_file>
      <input_file id="fl-12">
         <path>C:\ti\simplelink_cc32xx_sdk_2_30_00_05\source\ti\drivers\lib\</path>
         <kind>archive</kind>
         <file>drivers_cc32xx.aem4</file>
         <name>GPIOCC32XX.oem4</name>
      </input_file>
      <input_file id="fl-13">
         <path>C:\ti\simplelink_cc32xx_sdk_2_30_00_05\source\ti\drivers\lib\</path>
         <kind>archive</kind>
         <file>drivers_cc32xx.aem4</file>
         <name>I2CCC32XX.oem4</name>
      </input_file>
      <input_file id="fl-14">
         <path>C:\ti\simplelink_cc32xx_sdk_2_30_00_05\source\ti\drivers\lib\</path>
         <kind>archive</kind>
         <file>drivers_cc32xx.aem4</file>
         <name>I2SCC32XXDMA.oem4</name>
      </input_file>
      <input_file id="fl-15">
         <path>C:\ti\simplelink_cc32xx_sdk_2_30_00_05\source\ti\drivers\lib\</path>
         <kind>archive</kind>
         <file>drivers_cc32xx.aem4</file>
         <name>PowerCC32XX.oem4</name>
      </input_file>
      <input_file id="fl-16">
         <path>C:\ti\simplelink_cc32xx_sdk_2_30_00_05\source\ti\drivers\lib\</path>
         <kind>archive</kind>
         <file>drivers_cc32xx.aem4</file>
         <name>PowerCC32XX_asm.oem4</name>
      </input_file>
      <input_file id="fl-17">
         <path>C:\ti\simplelink_cc32xx_sdk_2_30_00_05\source\ti\drivers\lib\</path>
         <kind>archive</kind>
         <file>drivers_cc32xx.aem4</file>
         <name>PWMTimerCC32XX.oem4</name>
      </input_file>
      <input_file id="fl-18">
         <path>C:\ti\simplelink_cc32xx_sdk_2_30_00_05\source\ti\drivers\lib\</path>
         <kind>archive</kind>
         <file>drivers_cc32xx.aem4</file>
         <name>SDHostCC32XX.oem4</name>
      </input_file>
      <input_file id="fl-19">
         <path>C:\ti\simplelink_cc32xx_sdk_2_30_00_05\source\ti\drivers\lib\</path>
         <kind>archive</kind>
         <file>drivers_cc32xx.aem4</file>
         <name>SPICC32XXDMA.oem4</name>
      </input_file>
      <input_file id="fl-1a">
         <path>C:\ti\simplelink_cc32xx_sdk_2_30_00_05\source\ti\drivers\lib\</path>
         <kind>archive</kind>
         <file>drivers_cc32xx.aem4</file>
         <name>TimerCC32XX.oem4</name>
      </input_file>
      <input_file id="fl-1b">
         <path>C:\ti\simplelink_cc32xx_sdk_2_30_00_05\source\ti\drivers\lib\</path>
         <kind>archive</kind>
         <file>drivers_cc32xx.aem4</file>
         <name>UART.oem4</name>
      </input_file>
      <input_file id="fl-1c">
         <path>C:\ti\simplelink_cc32xx_sdk_2_30_00_05\source\ti\drivers\lib\</path>
         <kind>archive</kind>
         <file>drivers_cc32xx.aem4</file>
         <name>UARTCC32XX.oem4</name>
      </input_file>
      <input_file id="fl-1d">
         <path>C:\ti\simplelink_cc32xx_sdk_2_30_00_05\source\ti\drivers\lib\</path>
         <kind>archive</kind>
         <file>drivers_cc32xx.aem4</file>
         <name>WatchdogCC32XX.oem4</name>
      </input_file>
      <input_file id="fl-1e">
         <path>C:\ti\simplelink_cc32xx_sdk_2_30_00_05\source\ti\drivers\lib\</path>
         <kind>archive</kind>
         <file>drivers_cc32xx.aem4</file>
         <name>List.oem4</name>
      </input_file>
      <input_file id="fl-1f">
         <path>C:\ti\simplelink_cc32xx_sdk_2_30_00_05\source\ti\drivers\lib\</path>
         <kind>archive</kind>
         <file>drivers_cc32xx.aem4</file>
         <name>RingBuf.oem4</name>
      </input_file>
      <input_file id="fl-20">
         <path>C:\ti\simplelink_cc32xx_sdk_2_30_00_05\source\ti\drivers\lib\</path>
         <kind>archive</kind>
         <file>drivers_cc32xx.aem4</file>
         <name>UDMACC32XX.oem4</name>
      </input_file>
      <input_file id="fl-21">
         <path>C:\ti\simplelink_cc32xx_sdk_2_30_00_05\kernel\nortos\lib\</path>
         <kind>archive</kind>
         <file>nortos_cc32xx.aem4</file>
         <name>NoRTOS.oem4</name>
      </input_file>
      <input_file id="fl-22">
         <path>C:\ti\simplelink_cc32xx_sdk_2_30_00_05\kernel\nortos\lib\</path>
         <kind>archive</kind>
         <file>nortos_cc32xx.aem4</file>
         <name>SemaphoreP_nortos.oem4</name>
      </input_file>
      <input_file id="fl-23">
         <path>C:\ti\simplelink_cc32xx_sdk_2_30_00_05\kernel\nortos\lib\</path>
         <kind>archive</kind>
         <file>nortos_cc32xx.aem4</file>
         <name>SystemP_nortos.oem4</name>
      </input_file>
      <input_file id="fl-24">
         <path>C:\ti\simplelink_cc32xx_sdk_2_30_00_05\kernel\nortos\lib\</path>
         <kind>archive</kind>
         <file>nortos_cc32xx.aem4</file>
         <name>ClockPSysTick_nortos.oem4</name>
      </input_file>
      <input_file id="fl-25">
         <path>C:\ti\simplelink_cc32xx_sdk_2_30_00_05\kernel\nortos\lib\</path>
         <kind>archive</kind>
         <file>nortos_cc32xx.aem4</file>
         <name>HwiPCC32XX_nortos.oem4</name>
      </input_file>
      <input_file id="fl-26">
         <path>C:\ti\simplelink_cc32xx_sdk_2_30_00_05\kernel\nortos\lib\</path>
         <kind>archive</kind>
         <file>nortos_cc32xx.aem4</file>
         <name>PowerCC32XX_nortos.oem4</name>
      </input_file>
      <input_file id="fl-27">
         <path>C:\ti\simplelink_cc32xx_sdk_2_30_00_05\kernel\nortos\lib\</path>
         <kind>archive</kind>
         <file>nortos_cc32xx.aem4</file>
         <name>startup_cc32xx_ccs.oem4</name>
      </input_file>
      <input_file id="fl-28">
         <path>C:\ti\simplelink_cc32xx_sdk_2_30_00_05\kernel\nortos\lib\</path>
         <kind>archive</kind>
         <file>nortos_cc32xx.aem4</file>
         <name>SwiP_nortos.oem4</name>
      </input_file>
      <input_file id="fl-29">
         <path>C:\ti\simplelink_cc32xx_sdk_2_30_00_05\kernel\nortos\lib\</path>
         <kind>archive</kind>
         <file>nortos_cc32xx.aem4</file>
         <name>QueueP_nortos.oem4</name>
      </input_file>
      <input_file id="fl-2a">
         <path>C:\ti\simplelink_cc32xx_sdk_2_30_00_05\source\ti\devices\cc32xx\driverlib\ccs\Release\</path>
         <kind>archive</kind>
         <file>driverlib.a</file>
         <name>interrupt.obj</name>
      </input_file>
      <input_file id="fl-2b">
         <path>C:\ti\simplelink_cc32xx_sdk_2_30_00_05\source\ti\devices\cc32xx\driverlib\ccs\Release\</path>
         <kind>archive</kind>
         <file>driverlib.a</file>
         <name>pin.obj</name>
      </input_file>
      <input_file id="fl-2c">
         <path>C:\ti\simplelink_cc32xx_sdk_2_30_00_05\source\ti\devices\cc32xx\driverlib\ccs\Release\</path>
         <kind>archive</kind>
         <file>driverlib.a</file>
         <name>prcm.obj</name>
      </input_file>
      <input_file id="fl-2d">
         <path>C:\ti\simplelink_cc32xx_sdk_2_30_00_05\source\ti\devices\cc32xx\driverlib\ccs\Release\</path>
         <kind>archive</kind>
         <file>driverlib.a</file>
         <name>sdhost.obj</name>
      </input_file>
      <input_file id="fl-2e">
         <path>C:\ti\simplelink_cc32xx_sdk_2_30_00_05\source\ti\devices\cc32xx\driverlib\ccs\Release\</path>
         <kind>archive</kind>
         <file>driverlib.a</file>
         <name>timer.obj</name>
      </input_file>
      <input_file id="fl-2f">
         <path>C:\ti\simplelink_cc32xx_sdk_2_30_00_05\source\ti\devices\cc32xx\driverlib\ccs\Release\</path>
         <kind>archive</kind>
         <file>driverlib.a</file>
         <name>uart.obj</name>
      </input_file>
      <input_file id="fl-30">
         <path>C:\ti\simplelink_cc32xx_sdk_2_30_00_05\source\ti\devices\cc32xx\driverlib\ccs\Release\</path>
         <kind>archive</kind>
         <file>driverlib.a</file>
         <name>udma.obj</name>
      </input_file>
      <input_file id="fl-31">
         <path>C:\ti\simplelink_cc32xx_sdk_2_30_00_05\source\ti\devices\cc32xx\driverlib\ccs\Release\</path>
         <kind>archive</kind>
         <file>driverlib.a</file>
         <name>utils.obj</name>
      </input_file>
      <input_file id="fl-32">
         <path>C:\ti\simplelink_cc32xx_sdk_2_30_00_05\source\ti\devices\cc32xx\driverlib\ccs\Release\</path>
         <kind>archive</kind>
         <file>driverlib.a</file>
         <name>cpu.obj</name>
      </input_file>
      <input_file id="fl-33">
         <path>C:\ti\simplelink_cc32xx_sdk_2_30_00_05\source\ti\devices\cc32xx\driverlib\ccs\Release\</path>
         <kind>archive</kind>
         <file>driverlib.a</file>
         <name>flash.obj</name>
      </input_file>
      <input_file id="fl-e9">
         <path>C:\ti\ccsv8\tools\compiler\ti-cgt-arm_18.1.4.LTS\lib\</path>
         <kind>archive</kind>
         <file>rtsv7M4_T_le_eabi.lib</file>
         <name>u_divt2.asm.obj</name>
      </input_file>
      <input_file id="fl-ea">
         <path>C:\ti\ccsv8\tools\compiler\ti-cgt-arm_18.1.4.LTS\lib\</path>
         <kind>archive</kind>
         <file>rtsv7M4_T_le_eabi.lib</file>
         <name>fd_add_t2.asm.obj</name>
      </input_file>
      <input_file id="fl-eb">
         <path>C:\ti\ccsv8\tools\compiler\ti-cgt-arm_18.1.4.LTS\lib\</path>
         <kind>archive</kind>
         <file>rtsv7M4_T_le_eabi.lib</file>
         <name>fd_cmp_t2.asm.obj</name>
      </input_file>
      <input_file id="fl-ec">
         <path>C:\ti\ccsv8\tools\compiler\ti-cgt-arm_18.1.4.LTS\lib\</path>
         <kind>archive</kind>
         <file>rtsv7M4_T_le_eabi.lib</file>
         <name>fd_mul_t2.asm.obj</name>
      </input_file>
      <input_file id="fl-ed">
         <path>C:\ti\ccsv8\tools\compiler\ti-cgt-arm_18.1.4.LTS\lib\</path>
         <kind>archive</kind>
         <file>rtsv7M4_T_le_eabi.lib</file>
         <name>fd_toi_t2.asm.obj</name>
      </input_file>
      <input_file id="fl-ee">
         <path>C:\ti\ccsv8\tools\compiler\ti-cgt-arm_18.1.4.LTS\lib\</path>
         <kind>archive</kind>
         <file>rtsv7M4_T_le_eabi.lib</file>
         <name>fd_tou_t2.asm.obj</name>
      </input_file>
      <input_file id="fl-ef">
         <path>C:\ti\ccsv8\tools\compiler\ti-cgt-arm_18.1.4.LTS\lib\</path>
         <kind>archive</kind>
         <file>rtsv7M4_T_le_eabi.lib</file>
         <name>i_tofd_t2.asm.obj</name>
      </input_file>
      <input_file id="fl-f0">
         <path>C:\ti\ccsv8\tools\compiler\ti-cgt-arm_18.1.4.LTS\lib\</path>
         <kind>archive</kind>
         <file>rtsv7M4_T_le_eabi.lib</file>
         <name>ll_mul_t2.asm.obj</name>
      </input_file>
      <input_file id="fl-f1">
         <path>C:\ti\ccsv8\tools\compiler\ti-cgt-arm_18.1.4.LTS\lib\</path>
         <kind>archive</kind>
         <file>rtsv7M4_T_le_eabi.lib</file>
         <name>memcpy_t2.asm.obj</name>
      </input_file>
      <input_file id="fl-f2">
         <path>C:\ti\ccsv8\tools\compiler\ti-cgt-arm_18.1.4.LTS\lib\</path>
         <kind>archive</kind>
         <file>rtsv7M4_T_le_eabi.lib</file>
         <name>u_tofd_t2.asm.obj</name>
      </input_file>
      <input_file id="fl-f3">
         <path>C:\ti\ccsv8\tools\compiler\ti-cgt-arm_18.1.4.LTS\lib\</path>
         <kind>archive</kind>
         <file>rtsv7M4_T_le_eabi.lib</file>
         <name>ull_div_t2.asm.obj</name>
      </input_file>
      <input_file id="fl-f4">
         <path>C:\ti\ccsv8\tools\compiler\ti-cgt-arm_18.1.4.LTS\lib\</path>
         <kind>archive</kind>
         <file>rtsv7M4_T_le_eabi.lib</file>
         <name>memset_t2.asm.obj</name>
      </input_file>
      <input_file id="fl-f5">
         <path>C:\ti\ccsv8\tools\compiler\ti-cgt-arm_18.1.4.LTS\lib\</path>
         <kind>archive</kind>
         <file>rtsv7M4_T_le_eabi.lib</file>
         <name>copy_zero_init.c.obj</name>
      </input_file>
      <input_file id="fl-f6">
         <path>C:\ti\ccsv8\tools\compiler\ti-cgt-arm_18.1.4.LTS\lib\</path>
         <kind>archive</kind>
         <file>rtsv7M4_T_le_eabi.lib</file>
         <name>copy_decompress_none.c.obj</name>
      </input_file>
      <input_file id="fl-f7">
         <path>C:\ti\ccsv8\tools\compiler\ti-cgt-arm_18.1.4.LTS\lib\</path>
         <kind>archive</kind>
         <file>rtsv7M4_T_le_eabi.lib</file>
         <name>copy_decompress_lzss.c.obj</name>
      </input_file>
      <input_file id="fl-f8">
         <path>C:\ti\ccsv8\tools\compiler\ti-cgt-arm_18.1.4.LTS\lib\</path>
         <kind>archive</kind>
         <file>rtsv7M4_T_le_eabi.lib</file>
         <name>boot_cortex_m.c.obj</name>
      </input_file>
      <input_file id="fl-f9">
         <path>C:\ti\ccsv8\tools\compiler\ti-cgt-arm_18.1.4.LTS\lib\</path>
         <kind>archive</kind>
         <file>rtsv7M4_T_le_eabi.lib</file>
         <name>exit.c.obj</name>
      </input_file>
      <input_file id="fl-fa">
         <path>C:\ti\ccsv8\tools\compiler\ti-cgt-arm_18.1.4.LTS\lib\</path>
         <kind>archive</kind>
         <file>rtsv7M4_T_le_eabi.lib</file>
         <name>memory.c.obj</name>
      </input_file>
      <input_file id="fl-fb">
         <path>C:\ti\ccsv8\tools\compiler\ti-cgt-arm_18.1.4.LTS\lib\</path>
         <kind>archive</kind>
         <file>rtsv7M4_T_le_eabi.lib</file>
         <name>_lock.c.obj</name>
      </input_file>
      <input_file id="fl-fc">
         <path>C:\ti\ccsv8\tools\compiler\ti-cgt-arm_18.1.4.LTS\lib\</path>
         <kind>archive</kind>
         <file>rtsv7M4_T_le_eabi.lib</file>
         <name>args_main.c.obj</name>
      </input_file>
      <input_file id="fl-fd">
         <path>C:\ti\ccsv8\tools\compiler\ti-cgt-arm_18.1.4.LTS\lib\</path>
         <kind>archive</kind>
         <file>rtsv7M4_T_le_eabi.lib</file>
         <name>strlen.c.obj</name>
      </input_file>
      <input_file id="fl-fe">
         <path>C:\ti\ccsv8\tools\compiler\ti-cgt-arm_18.1.4.LTS\lib\</path>
         <kind>archive</kind>
         <file>rtsv7M4_T_le_eabi.lib</file>
         <name>div0.asm.obj</name>
      </input_file>
      <input_file id="fl-ff">
         <path>C:\ti\ccsv8\tools\compiler\ti-cgt-arm_18.1.4.LTS\lib\</path>
         <kind>archive</kind>
         <file>rtsv7M4_T_le_eabi.lib</file>
         <name>autoinit.c.obj</name>
      </input_file>
      <input_file id="fl-100">
         <path>C:\ti\ccsv8\tools\compiler\ti-cgt-arm_18.1.4.LTS\lib\</path>
         <kind>archive</kind>
         <file>rtsv7M4_T_le_eabi.lib</file>
         <name>pre_init.c.obj</name>
      </input_file>
      <input_file id="fl-101">
         <path>C:\ti\ccsv8\tools\compiler\ti-cgt-arm_18.1.4.LTS\lib\</path>
         <kind>archive</kind>
         <file>rtsv7M4_T_le_eabi.lib</file>
         <name>cpy_tbl.c.obj</name>
      </input_file>
   </input_file_list>
   <object_component_list>
      <object_component id="oc-290">
         <name>.text:PRCMCC3200MCUInit</name>
         <load_address>0x1000840</load_address>
         <run_address>0x1000840</run_address>
         <size>0x42c</size>
         <input_file_ref idref="fl-2c"/>
      </object_component>
      <object_component id="oc-15a">
         <name>.text:GPIO_setConfig</name>
         <load_address>0x1000c6c</load_address>
         <run_address>0x1000c6c</run_address>
         <size>0x1c8</size>
         <input_file_ref idref="fl-12"/>
      </object_component>
      <object_component id="oc-464">
         <name>.text:PowerCC32XX_sleepPolicy</name>
         <load_address>0x1000e34</load_address>
         <run_address>0x1000e34</run_address>
         <size>0x19c</size>
         <input_file_ref idref="fl-26"/>
      </object_component>
      <object_component id="oc-56a">
         <name>.text:parkPins</name>
         <load_address>0x1000fd0</load_address>
         <run_address>0x1000fd0</run_address>
         <size>0x150</size>
         <input_file_ref idref="fl-15"/>
      </object_component>
      <object_component id="oc-514">
         <name>.text:Power_sleep</name>
         <load_address>0x1001120</load_address>
         <run_address>0x1001120</run_address>
         <size>0x118</size>
         <input_file_ref idref="fl-15"/>
      </object_component>
      <object_component id="oc-3a7">
         <name>.text:free</name>
         <load_address>0x1001238</load_address>
         <run_address>0x1001238</run_address>
         <size>0xd8</size>
         <input_file_ref idref="fl-fa"/>
      </object_component>
      <object_component id="oc-154">
         <name>.text:GPIO_init</name>
         <load_address>0x1001310</load_address>
         <run_address>0x1001310</run_address>
         <size>0xc4</size>
         <input_file_ref idref="fl-12"/>
      </object_component>
      <object_component id="oc-587">
         <name>.text:restoreParkedPins</name>
         <load_address>0x10013d4</load_address>
         <run_address>0x10013d4</run_address>
         <size>0xb4</size>
         <input_file_ref idref="fl-15"/>
      </object_component>
      <object_component id="oc-b1">
         <name>.text:IntEnable</name>
         <load_address>0x1001488</load_address>
         <run_address>0x1001488</run_address>
         <size>0xa8</size>
         <input_file_ref idref="fl-2a"/>
      </object_component>
      <object_component id="oc-389">
         <name>.text:PowerCC32XX_configureWakeup</name>
         <load_address>0x1001530</load_address>
         <run_address>0x1001530</run_address>
         <size>0xa8</size>
         <input_file_ref idref="fl-15"/>
      </object_component>
      <object_component id="oc-2b6">
         <name>.text:SemaphoreP_pend</name>
         <load_address>0x10015d8</load_address>
         <run_address>0x10015d8</run_address>
         <size>0xa0</size>
         <input_file_ref idref="fl-22"/>
      </object_component>
      <object_component id="oc-37">
         <name>.text</name>
         <load_address>0x1001678</load_address>
         <run_address>0x1001678</run_address>
         <size>0x9c</size>
         <input_file_ref idref="fl-f1"/>
      </object_component>
      <object_component id="oc-2d2">
         <name>.text:powerNotifyFxn</name>
         <load_address>0x1001714</load_address>
         <run_address>0x1001714</run_address>
         <size>0x98</size>
         <input_file_ref idref="fl-12"/>
      </object_component>
      <object_component id="oc-50f">
         <name>.text</name>
         <load_address>0x10017ac</load_address>
         <run_address>0x10017ac</run_address>
         <size>0x96</size>
         <input_file_ref idref="fl-f3"/>
      </object_component>
      <object_component id="oc-45e">
         <name>.text:PowerCC32XX_initPolicy</name>
         <load_address>0x1001842</load_address>
         <run_address>0x1001842</run_address>
         <size>0x2</size>
         <input_file_ref idref="fl-26"/>
      </object_component>
      <object_component id="oc-57b">
         <name>.text:restoreNVICRegs</name>
         <load_address>0x1001844</load_address>
         <run_address>0x1001844</run_address>
         <size>0x90</size>
         <input_file_ref idref="fl-15"/>
      </object_component>
      <object_component id="oc-40e">
         <name>.text:HwiP_construct</name>
         <load_address>0x10018d4</load_address>
         <run_address>0x10018d4</run_address>
         <size>0x8c</size>
         <input_file_ref idref="fl-25"/>
      </object_component>
      <object_component id="oc-5f3">
         <name>.text:IntPendSet</name>
         <load_address>0x1001960</load_address>
         <run_address>0x1001960</run_address>
         <size>0x88</size>
         <input_file_ref idref="fl-2a"/>
      </object_component>
      <object_component id="oc-2e8">
         <name>.text:PinConfigSet</name>
         <load_address>0x10019e8</load_address>
         <run_address>0x10019e8</run_address>
         <size>0x88</size>
         <input_file_ref idref="fl-2b"/>
      </object_component>
      <object_component id="oc-296">
         <name>.text:Power_init</name>
         <load_address>0x1001a70</load_address>
         <run_address>0x1001a70</run_address>
         <size>0x84</size>
         <input_file_ref idref="fl-15"/>
      </object_component>
      <object_component id="oc-570">
         <name>.text:saveNVICRegs</name>
         <load_address>0x1001af4</load_address>
         <run_address>0x1001af4</run_address>
         <size>0x84</size>
         <input_file_ref idref="fl-15"/>
      </object_component>
      <object_component id="oc-2e2">
         <name>.text:Power_setDependency</name>
         <load_address>0x1001b78</load_address>
         <run_address>0x1001b78</run_address>
         <size>0x80</size>
         <input_file_ref idref="fl-15"/>
      </object_component>
      <object_component id="oc-110">
         <name>.text:main</name>
         <load_address>0x1001bf8</load_address>
         <run_address>0x1001bf8</run_address>
         <size>0x80</size>
         <input_file_ref idref="fl-3"/>
      </object_component>
      <object_component id="oc-30c">
         <name>.text:GPIO_hwiIntFxn</name>
         <load_address>0x1001c78</load_address>
         <run_address>0x1001c78</run_address>
         <size>0x78</size>
         <input_file_ref idref="fl-12"/>
      </object_component>
      <object_component id="oc-408">
         <name>.text:malloc</name>
         <load_address>0x1001cf0</load_address>
         <run_address>0x1001cf0</run_address>
         <size>0x78</size>
         <input_file_ref idref="fl-fa"/>
      </object_component>
      <object_component id="oc-10">
         <name>.text:decompress:lzss:__TI_decompress_lzss</name>
         <load_address>0x1001d68</load_address>
         <run_address>0x1001d68</run_address>
         <size>0x68</size>
         <input_file_ref idref="fl-f7"/>
      </object_component>
      <object_component id="oc-31d">
         <name>.text:GPIO_toggle</name>
         <load_address>0x1001dd0</load_address>
         <run_address>0x1001dd0</run_address>
         <size>0x64</size>
         <input_file_ref idref="fl-12"/>
      </object_component>
      <object_component id="oc-3f8">
         <name>.text:PowerCC32XX_setParkState</name>
         <load_address>0x1001e34</load_address>
         <run_address>0x1001e34</run_address>
         <size>0x64</size>
         <input_file_ref idref="fl-15"/>
      </object_component>
      <object_component id="oc-3b4">
         <name>.text:ClockP_start</name>
         <load_address>0x1001e98</load_address>
         <run_address>0x1001e98</run_address>
         <size>0x60</size>
         <input_file_ref idref="fl-24"/>
      </object_component>
      <object_component id="oc-35d">
         <name>.text:PRCMSysResetCauseGet</name>
         <load_address>0x1001ef8</load_address>
         <run_address>0x1001ef8</run_address>
         <size>0x60</size>
         <input_file_ref idref="fl-2c"/>
      </object_component>
      <object_component id="oc-5a7">
         <name>.text:sysTickInit</name>
         <load_address>0x1001f58</load_address>
         <run_address>0x1001f58</run_address>
         <size>0x5c</size>
         <input_file_ref idref="fl-24"/>
      </object_component>
      <object_component id="oc-166">
         <name>.text:GPIO_setCallback</name>
         <load_address>0x1001fb4</load_address>
         <run_address>0x1001fb4</run_address>
         <size>0x58</size>
         <input_file_ref idref="fl-12"/>
      </object_component>
      <object_component id="oc-160">
         <name>.text:GPIO_write</name>
         <load_address>0x100200c</load_address>
         <run_address>0x100200c</run_address>
         <size>0x58</size>
         <input_file_ref idref="fl-12"/>
      </object_component>
      <object_component id="oc-376">
         <name>.text:PRCMPeripheralReset</name>
         <load_address>0x1002064</load_address>
         <run_address>0x1002064</run_address>
         <size>0x58</size>
         <input_file_ref idref="fl-2c"/>
      </object_component>
      <object_component id="oc-5c7">
         <name>.text:PowerCC32XX_parkPin</name>
         <load_address>0x10020bc</load_address>
         <run_address>0x10020bc</run_address>
         <size>0x52</size>
         <input_file_ref idref="fl-15"/>
      </object_component>
      <object_component id="oc-5d0">
         <name>.text:PowerCC32XX_resumeLPDS</name>
         <load_address>0x100210e</load_address>
         <run_address>0x100210e</run_address>
         <size>0x52</size>
         <input_file_ref idref="fl-16"/>
      </object_component>
      <object_component id="oc-473">
         <name>.text:SemaphoreP_construct</name>
         <load_address>0x1002160</load_address>
         <run_address>0x1002160</run_address>
         <size>0x50</size>
         <input_file_ref idref="fl-22"/>
      </object_component>
      <object_component id="oc-16c">
         <name>.text:GPIO_enableInt</name>
         <load_address>0x10021b0</load_address>
         <run_address>0x10021b0</run_address>
         <size>0x4c</size>
         <input_file_ref idref="fl-12"/>
      </object_component>
      <object_component id="oc-581">
         <name>.text:restorePeriphClocks</name>
         <load_address>0x10021fc</load_address>
         <run_address>0x10021fc</run_address>
         <size>0x4c</size>
         <input_file_ref idref="fl-15"/>
      </object_component>
      <object_component id="oc-5eb">
         <name>.text:FlashDisable</name>
         <load_address>0x1002248</load_address>
         <run_address>0x1002248</run_address>
         <size>0x48</size>
         <input_file_ref idref="fl-33"/>
      </object_component>
      <object_component id="oc-58d">
         <name>.text:PRCMLPDSEnter</name>
         <load_address>0x1002290</load_address>
         <run_address>0x1002290</run_address>
         <size>0x48</size>
         <input_file_ref idref="fl-2c"/>
      </object_component>
      <object_component id="oc-370">
         <name>.text:PRCMPeripheralClkEnable</name>
         <load_address>0x10022d8</load_address>
         <run_address>0x10022d8</run_address>
         <size>0x48</size>
         <input_file_ref idref="fl-2c"/>
      </object_component>
      <object_component id="oc-4a4">
         <name>.text:ClockP_stop</name>
         <load_address>0x1002320</load_address>
         <run_address>0x1002320</run_address>
         <size>0x44</size>
         <input_file_ref idref="fl-24"/>
      </object_component>
      <object_component id="oc-75">
         <name>.text:ClockP_sysTickHandler</name>
         <load_address>0x1002364</load_address>
         <run_address>0x1002364</run_address>
         <size>0x44</size>
         <input_file_ref idref="fl-24"/>
      </object_component>
      <object_component id="oc-5d5">
         <name>.text:PRCMLPDSRestoreInfoSet</name>
         <load_address>0x10023a8</load_address>
         <run_address>0x10023a8</run_address>
         <size>0x44</size>
         <input_file_ref idref="fl-2c"/>
      </object_component>
      <object_component id="oc-576">
         <name>.text:PowerCC32XX_enterLPDS</name>
         <load_address>0x10023ec</load_address>
         <run_address>0x10023ec</run_address>
         <size>0x44</size>
         <input_file_ref idref="fl-16"/>
      </object_component>
      <object_component id="oc-2c2">
         <name>.text:SemaphoreP_post</name>
         <load_address>0x1002430</load_address>
         <run_address>0x1002430</run_address>
         <size>0x44</size>
         <input_file_ref idref="fl-22"/>
      </object_component>
      <object_component id="oc-525">
         <name>.text:SwiP_restore</name>
         <load_address>0x1002474</load_address>
         <run_address>0x1002474</run_address>
         <size>0x44</size>
         <input_file_ref idref="fl-28"/>
      </object_component>
      <object_component id="oc-191">
         <name>.text:__TI_auto_init_nobinit_nopinit:__TI_auto_init_nobinit_nopinit</name>
         <load_address>0x10024b8</load_address>
         <run_address>0x10024b8</run_address>
         <size>0x44</size>
         <input_file_ref idref="fl-ff"/>
      </object_component>
      <object_component id="oc-2dc">
         <name>.text:PinModeSet</name>
         <load_address>0x10024fc</load_address>
         <run_address>0x10024fc</run_address>
         <size>0x40</size>
         <input_file_ref idref="fl-2b"/>
      </object_component>
      <object_component id="oc-3c6">
         <name>.text:ClockP_destruct</name>
         <load_address>0x100253c</load_address>
         <run_address>0x100253c</run_address>
         <size>0x3c</size>
         <input_file_ref idref="fl-24"/>
      </object_component>
      <object_component id="oc-509">
         <name>.text:getCountsRTC</name>
         <load_address>0x1002578</load_address>
         <run_address>0x1002578</run_address>
         <size>0x3c</size>
         <input_file_ref idref="fl-26"/>
      </object_component>
      <object_component id="oc-499">
         <name>.text:minsert</name>
         <load_address>0x10025b4</load_address>
         <run_address>0x10025b4</run_address>
         <size>0x3c</size>
         <input_file_ref idref="fl-fa"/>
      </object_component>
      <object_component id="oc-325">
         <name>.text:GPIO_read</name>
         <load_address>0x10025f0</load_address>
         <run_address>0x10025f0</run_address>
         <size>0x38</size>
         <input_file_ref idref="fl-12"/>
      </object_component>
      <object_component id="oc-593">
         <name>.text:PRCMLPDSEnterKeepDebugIf</name>
         <load_address>0x1002628</load_address>
         <run_address>0x1002628</run_address>
         <size>0x38</size>
         <input_file_ref idref="fl-2c"/>
      </object_component>
      <object_component id="oc-55">
         <name>.text:initVectors</name>
         <load_address>0x1002660</load_address>
         <run_address>0x1002660</run_address>
         <size>0x38</size>
         <input_file_ref idref="fl-27"/>
      </object_component>
      <object_component id="oc-48d">
         <name>.text:minit</name>
         <load_address>0x1002698</load_address>
         <run_address>0x1002698</run_address>
         <size>0x38</size>
         <input_file_ref idref="fl-fa"/>
      </object_component>
      <object_component id="oc-564">
         <name>.text:notify</name>
         <load_address>0x10026d0</load_address>
         <run_address>0x10026d0</run_address>
         <size>0x38</size>
         <input_file_ref idref="fl-15"/>
      </object_component>
      <object_component id="oc-5e4">
         <name>.text:PowerCC32XX_restoreParkedPin</name>
         <load_address>0x1002708</load_address>
         <run_address>0x1002708</run_address>
         <size>0x36</size>
         <input_file_ref idref="fl-15"/>
      </object_component>
      <object_component id="oc-431">
         <name>.text:_nop</name>
         <load_address>0x100273e</load_address>
         <run_address>0x100273e</run_address>
         <size>0x2</size>
         <input_file_ref idref="fl-fb"/>
      </object_component>
      <object_component id="oc-4fd">
         <name>.text:ClockP_getTicksUntilInterrupt</name>
         <load_address>0x1002740</load_address>
         <run_address>0x1002740</run_address>
         <size>0x34</size>
         <input_file_ref idref="fl-24"/>
      </object_component>
      <object_component id="oc-539">
         <name>.text:ClockP_startup</name>
         <load_address>0x1002774</load_address>
         <run_address>0x1002774</run_address>
         <size>0x34</size>
         <input_file_ref idref="fl-24"/>
      </object_component>
      <object_component id="oc-382">
         <name>.text:PinModeGet</name>
         <load_address>0x10027a8</load_address>
         <run_address>0x10027a8</run_address>
         <size>0x34</size>
         <input_file_ref idref="fl-2b"/>
      </object_component>
      <object_component id="oc-2f4">
         <name>.text:HwiP_create</name>
         <load_address>0x10027dc</load_address>
         <run_address>0x10027dc</run_address>
         <size>0x2a</size>
         <input_file_ref idref="fl-25"/>
      </object_component>
      <object_component id="oc-6f">
         <name>.text:busFaultHandler</name>
         <load_address>0x1002806</load_address>
         <run_address>0x1002806</run_address>
         <size>0x2</size>
         <input_file_ref idref="fl-27"/>
      </object_component>
      <object_component id="oc-37c">
         <name>.text:PRCMPeripheralClkDisable</name>
         <load_address>0x1002808</load_address>
         <run_address>0x1002808</run_address>
         <size>0x28</size>
         <input_file_ref idref="fl-2c"/>
      </object_component>
      <object_component id="oc-2bc">
         <name>.text:Power_registerNotify</name>
         <load_address>0x1002830</load_address>
         <run_address>0x1002830</run_address>
         <size>0x28</size>
         <input_file_ref idref="fl-15"/>
      </object_component>
      <object_component id="oc-c1">
         <name>.text:_c_int00_noargs:_c_int00_noargs</name>
         <load_address>0x1002858</load_address>
         <run_address>0x1002858</run_address>
         <size>0x28</size>
         <input_file_ref idref="fl-f8"/>
      </object_component>
      <object_component id="oc-493">
         <name>.text:mremove</name>
         <load_address>0x1002880</load_address>
         <run_address>0x1002880</run_address>
         <size>0x28</size>
         <input_file_ref idref="fl-fa"/>
      </object_component>
      <object_component id="oc-3d6">
         <name>.text:List_put</name>
         <load_address>0x10028a8</load_address>
         <run_address>0x10028a8</run_address>
         <size>0x26</size>
         <input_file_ref idref="fl-1e"/>
      </object_component>
      <object_component id="oc-3cc">
         <name>.text:clkFxn</name>
         <load_address>0x10028ce</load_address>
         <run_address>0x10028ce</run_address>
         <size>0x2</size>
         <input_file_ref idref="fl-22"/>
      </object_component>
      <object_component id="oc-4c5">
         <name>.text:HwiP_dispatch</name>
         <load_address>0x10028d0</load_address>
         <run_address>0x10028d0</run_address>
         <size>0x24</size>
         <input_file_ref idref="fl-25"/>
      </object_component>
      <object_component id="oc-17e">
         <name>.text:IRedgeDetector</name>
         <load_address>0x10028f4</load_address>
         <run_address>0x10028f4</run_address>
         <size>0x22</size>
         <input_file_ref idref="fl-3"/>
      </object_component>
      <object_component id="oc-69">
         <name>.text:defaultHandler</name>
         <load_address>0x1002916</load_address>
         <run_address>0x1002916</run_address>
         <size>0x2</size>
         <input_file_ref idref="fl-27"/>
      </object_component>
      <object_component id="oc-5c1">
         <name>.text:PinToPadGet</name>
         <load_address>0x1002918</load_address>
         <run_address>0x1002918</run_address>
         <size>0x1c</size>
         <input_file_ref idref="fl-2b"/>
      </object_component>
      <object_component id="oc-4f1">
         <name>.text:SwiP_disable</name>
         <load_address>0x1002934</load_address>
         <run_address>0x1002934</run_address>
         <size>0x1c</size>
         <input_file_ref idref="fl-28"/>
      </object_component>
      <object_component id="oc-29e">
         <name>.text:SemaphoreP_createBinary</name>
         <load_address>0x1002950</load_address>
         <run_address>0x1002950</run_address>
         <size>0x1a</size>
         <input_file_ref idref="fl-22"/>
      </object_component>
      <object_component id="oc-63">
         <name>.text:faultISR</name>
         <load_address>0x100296a</load_address>
         <run_address>0x100296a</run_address>
         <size>0x2</size>
         <input_file_ref idref="fl-27"/>
      </object_component>
      <object_component id="oc-1d">
         <name>.text:resetISR</name>
         <load_address>0x100296c</load_address>
         <run_address>0x100296c</run_address>
         <size>0x1a</size>
         <input_file_ref idref="fl-27"/>
      </object_component>
      <object_component id="oc-5d">
         <name>.text:nmiISR</name>
         <load_address>0x1002986</load_address>
         <run_address>0x1002986</run_address>
         <size>0x2</size>
         <input_file_ref idref="fl-27"/>
      </object_component>
      <object_component id="oc-531">
         <name>.text:Power_idleFunc</name>
         <load_address>0x1002988</load_address>
         <run_address>0x1002988</run_address>
         <size>0x18</size>
         <input_file_ref idref="fl-15"/>
      </object_component>
      <object_component id="oc-51a">
         <name>.text</name>
         <load_address>0x10029a0</load_address>
         <run_address>0x10029a0</run_address>
         <size>0x18</size>
         <input_file_ref idref="fl-f0"/>
      </object_component>
      <object_component id="oc-36a">
         <name>.text:PRCMHIBRegRead</name>
         <load_address>0x10029b8</load_address>
         <run_address>0x10029b8</run_address>
         <size>0x16</size>
         <input_file_ref idref="fl-2c"/>
      </object_component>
      <object_component id="oc-364">
         <name>.text:PRCMHIBRegWrite</name>
         <load_address>0x10029ce</load_address>
         <run_address>0x10029ce</run_address>
         <size>0x16</size>
         <input_file_ref idref="fl-2c"/>
      </object_component>
      <object_component id="oc-39c">
         <name>.text:SemaphoreP_create</name>
         <load_address>0x10029e4</load_address>
         <run_address>0x10029e4</run_address>
         <size>0x16</size>
         <input_file_ref idref="fl-22"/>
      </object_component>
      <object_component id="oc-9f">
         <name>.text:CPUcpsid</name>
         <load_address>0x10029fa</load_address>
         <run_address>0x10029fa</run_address>
         <size>0x14</size>
         <input_file_ref idref="fl-32"/>
      </object_component>
      <object_component id="oc-55e">
         <name>.text</name>
         <load_address>0x1002a0e</load_address>
         <run_address>0x1002a0e</run_address>
         <size>0x2</size>
         <input_file_ref idref="fl-fe"/>
      </object_component>
      <object_component id="oc-3df">
         <name>.text:HwiP_inISR</name>
         <load_address>0x1002a10</load_address>
         <run_address>0x1002a10</run_address>
         <size>0x14</size>
         <input_file_ref idref="fl-25"/>
      </object_component>
      <object_component id="oc-ab">
         <name>.text:IntVTableBaseSet</name>
         <load_address>0x1002a24</load_address>
         <run_address>0x1002a24</run_address>
         <size>0x14</size>
         <input_file_ref idref="fl-2a"/>
      </object_component>
      <object_component id="oc-3e5">
         <name>.text:Power_disablePolicy</name>
         <load_address>0x1002a38</load_address>
         <run_address>0x1002a38</run_address>
         <size>0x14</size>
         <input_file_ref idref="fl-15"/>
      </object_component>
      <object_component id="oc-5dd">
         <name>.text:Power_getDependencyCount</name>
         <load_address>0x1002a4c</load_address>
         <run_address>0x1002a4c</run_address>
         <size>0x14</size>
         <input_file_ref idref="fl-15"/>
      </object_component>
      <object_component id="oc-2ee">
         <name>.text:HwiP_Params_init</name>
         <load_address>0x1002a60</load_address>
         <run_address>0x1002a60</run_address>
         <size>0x12</size>
         <input_file_ref idref="fl-25"/>
      </object_component>
      <object_component id="oc-43">
         <name>.text:decompress:ZI:__TI_zero_init_nomemset:__TI_zero_init_nomemset</name>
         <load_address>0x1002a72</load_address>
         <run_address>0x1002a72</run_address>
         <size>0x12</size>
         <input_file_ref idref="fl-f5"/>
      </object_component>
      <object_component id="oc-3ae">
         <name>.text:ClockP_add</name>
         <load_address>0x1002a84</load_address>
         <run_address>0x1002a84</run_address>
         <size>0x10</size>
         <input_file_ref idref="fl-24"/>
      </object_component>
      <object_component id="oc-4eb">
         <name>.text:ClockP_getCpuFreq</name>
         <load_address>0x1002a94</load_address>
         <run_address>0x1002a94</run_address>
         <size>0x10</size>
         <input_file_ref idref="fl-24"/>
      </object_component>
      <object_component id="oc-503">
         <name>.text:ClockP_getSystemTicks</name>
         <load_address>0x1002aa4</load_address>
         <run_address>0x1002aa4</run_address>
         <size>0x10</size>
         <input_file_ref idref="fl-24"/>
      </object_component>
      <object_component id="oc-51f">
         <name>.text:ClockP_setTicks</name>
         <load_address>0x1002ab4</load_address>
         <run_address>0x1002ab4</run_address>
         <size>0x10</size>
         <input_file_ref idref="fl-24"/>
      </object_component>
      <object_component id="oc-2aa">
         <name>.text:HwiP_restore</name>
         <load_address>0x1002ac4</load_address>
         <run_address>0x1002ac4</run_address>
         <size>0x10</size>
         <input_file_ref idref="fl-25"/>
      </object_component>
      <object_component id="oc-3ba">
         <name>.text:Power_enablePolicy</name>
         <load_address>0x1002ad4</load_address>
         <run_address>0x1002ad4</run_address>
         <size>0x10</size>
         <input_file_ref idref="fl-15"/>
      </object_component>
      <object_component id="oc-396">
         <name>.text:SemaphoreP_Params_init</name>
         <load_address>0x1002ae4</load_address>
         <run_address>0x1002ae4</run_address>
         <size>0x10</size>
         <input_file_ref idref="fl-22"/>
      </object_component>
      <object_component id="oc-2a4">
         <name>.text:HwiP_disable</name>
         <load_address>0x1002af4</load_address>
         <run_address>0x1002af4</run_address>
         <size>0xe</size>
         <input_file_ref idref="fl-25"/>
      </object_component>
      <object_component id="oc-14e">
         <name>.text:HwiP_enable</name>
         <load_address>0x1002b02</load_address>
         <run_address>0x1002b02</run_address>
         <size>0xe</size>
         <input_file_ref idref="fl-25"/>
      </object_component>
      <object_component id="oc-16">
         <name>.text:decompress:none:__TI_decompress_none</name>
         <load_address>0x1002b10</load_address>
         <run_address>0x1002b10</run_address>
         <size>0xe</size>
         <input_file_ref idref="fl-f6"/>
      </object_component>
      <object_component id="oc-172">
         <name>.text:gpioButtonFxn0</name>
         <load_address>0x1002b1e</load_address>
         <run_address>0x1002b1e</run_address>
         <size>0xe</size>
         <input_file_ref idref="fl-3"/>
      </object_component>
      <object_component id="oc-178">
         <name>.text:gpioButtonFxn1</name>
         <load_address>0x1002b2c</load_address>
         <run_address>0x1002b2c</run_address>
         <size>0xe</size>
         <input_file_ref idref="fl-3"/>
      </object_component>
      <object_component id="oc-148">
         <name>.text:CC3220SF_LAUNCHXL_initGeneral</name>
         <load_address>0x1002b3a</load_address>
         <run_address>0x1002b3a</run_address>
         <size>0xc</size>
         <input_file_ref idref="fl-2"/>
      </object_component>
      <object_component id="oc-4f7">
         <name>.text:Power_getConstraintMask</name>
         <load_address>0x1002b48</load_address>
         <run_address>0x1002b48</run_address>
         <size>0xc</size>
         <input_file_ref idref="fl-15"/>
      </object_component>
      <object_component id="oc-3c0">
         <name>.text:ClockP_isActive</name>
         <load_address>0x1002b54</load_address>
         <run_address>0x1002b54</run_address>
         <size>0xa</size>
         <input_file_ref idref="fl-24"/>
      </object_component>
      <object_component id="oc-4f">
         <name>.text:IntMasterDisable</name>
         <load_address>0x1002b5e</load_address>
         <run_address>0x1002b5e</run_address>
         <size>0xa</size>
         <input_file_ref idref="fl-2a"/>
      </object_component>
      <object_component id="oc-363">
         <name>.text:UtilsDelay</name>
         <load_address>0x1002b68</load_address>
         <run_address>0x1002b68</run_address>
         <size>0x6</size>
         <input_file_ref idref="fl-31"/>
      </object_component>
      <object_component id="oc-59c">
         <name>.text:HwiP_post</name>
         <load_address>0x1002b6e</load_address>
         <run_address>0x1002b6e</run_address>
         <size>0x4</size>
         <input_file_ref idref="fl-25"/>
      </object_component>
      <object_component id="oc-2b0">
         <name>.text:SemaphoreP_delete</name>
         <load_address>0x1002b72</load_address>
         <run_address>0x1002b72</run_address>
         <size>0x4</size>
         <input_file_ref idref="fl-22"/>
      </object_component>
      <object_component id="oc-10a">
         <name>.text:_system_pre_init</name>
         <load_address>0x1002b76</load_address>
         <run_address>0x1002b76</run_address>
         <size>0x4</size>
         <input_file_ref idref="fl-100"/>
      </object_component>
      <object_component id="oc-185">
         <name>.text:abort:abort</name>
         <load_address>0x1002b7a</load_address>
         <run_address>0x1002b7a</run_address>
         <size>0x4</size>
         <input_file_ref idref="fl-f9"/>
      </object_component>
      <object_component id="oc-401">
         <name>.const:g_ulPinToPadMap</name>
         <load_address>0x1002b80</load_address>
         <run_address>0x1002b80</run_address>
         <size>0x100</size>
         <input_file_ref idref="fl-2b"/>
      </object_component>
      <object_component id="oc-453">
         <name>.const:PRCM_PeriphRegsList</name>
         <load_address>0x1002c80</load_address>
         <run_address>0x1002c80</run_address>
         <size>0xa8</size>
         <input_file_ref idref="fl-2c"/>
      </object_component>
      <object_component id="oc-392">
         <name>.const:PowerCC32XX_config</name>
         <load_address>0x1002d28</load_address>
         <run_address>0x1002d28</run_address>
         <size>0x40</size>
         <input_file_ref idref="fl-2"/>
      </object_component>
      <object_component id="oc-2fa">
         <name>.const:.string:pinTable</name>
         <load_address>0x1002d68</load_address>
         <run_address>0x1002d68</run_address>
         <size>0x21</size>
         <input_file_ref idref="fl-12"/>
      </object_component>
      <object_component id="oc-104">
         <name>.const:g_pulEnRegs</name>
         <load_address>0x1002d8c</load_address>
         <run_address>0x1002d8c</run_address>
         <size>0x18</size>
         <input_file_ref idref="fl-2a"/>
      </object_component>
      <object_component id="oc-606">
         <name>.const:g_pulPendRegs</name>
         <load_address>0x1002da4</load_address>
         <run_address>0x1002da4</run_address>
         <size>0x18</size>
         <input_file_ref idref="fl-2a"/>
      </object_component>
      <object_component id="oc-2cc">
         <name>.const:GPIOCC32XX_config</name>
         <load_address>0x1002dbc</load_address>
         <run_address>0x1002dbc</run_address>
         <size>0x14</size>
         <input_file_ref idref="fl-2"/>
      </object_component>
      <object_component id="oc-315">
         <name>.const:gpioBaseAddresses</name>
         <load_address>0x1002dd0</load_address>
         <run_address>0x1002dd0</run_address>
         <size>0x14</size>
         <input_file_ref idref="fl-12"/>
      </object_component>
      <object_component id="oc-2fd">
         <name>.const:powerResources</name>
         <load_address>0x1002de4</load_address>
         <run_address>0x1002de4</run_address>
         <size>0x14</size>
         <input_file_ref idref="fl-12"/>
      </object_component>
      <object_component id="oc-303">
         <name>.const:outPinTypes</name>
         <load_address>0x1002df8</load_address>
         <run_address>0x1002df8</run_address>
         <size>0x8</size>
         <input_file_ref idref="fl-12"/>
      </object_component>
      <object_component id="oc-312">
         <name>.const:.string:interruptType</name>
         <load_address>0x1002e00</load_address>
         <run_address>0x1002e00</run_address>
         <size>0x6</size>
         <input_file_ref idref="fl-12"/>
      </object_component>
      <object_component id="oc-306">
         <name>.const:inPinTypes</name>
         <load_address>0x1002e06</load_address>
         <run_address>0x1002e06</run_address>
         <size>0x6</size>
         <input_file_ref idref="fl-12"/>
      </object_component>
      <object_component id="oc-300">
         <name>.const:outPinStrengths</name>
         <load_address>0x1002e0c</load_address>
         <run_address>0x1002e0c</run_address>
         <size>0x6</size>
         <input_file_ref idref="fl-12"/>
      </object_component>
      <object_component id="oc-309">
         <name>.const:.string:portInterruptIds</name>
         <load_address>0x1002e12</load_address>
         <run_address>0x1002e12</run_address>
         <size>0x4</size>
         <input_file_ref idref="fl-12"/>
      </object_component>
      <object_component id="oc-63a">
         <name>.cinit..data.load</name>
         <load_address>0x1002e18</load_address>
         <run_address>0x1002e18</run_address>
         <size>0xd8</size>
      </object_component>
      <object_component id="oc-638">
         <name>__TI_handler_table</name>
         <load_address>0x1002ef0</load_address>
         <run_address>0x1002ef0</run_address>
         <size>0xc</size>
      </object_component>
      <object_component id="oc-63b">
         <name>.cinit..bss.load</name>
         <load_address>0x1002f00</load_address>
         <run_address>0x1002f00</run_address>
         <size>0x8</size>
      </object_component>
      <object_component id="oc-639">
         <name>__TI_cinit_table</name>
         <load_address>0x1002f08</load_address>
         <run_address>0x1002f08</run_address>
         <size>0x10</size>
      </object_component>
      <object_component id="oc-3ee">
         <name>.data:gpioPinConfigs</name>
         <load_address>0x20008880</load_address>
         <run_address>0x20008880</run_address>
         <size>0x14</size>
         <input_file_ref idref="fl-2"/>
      </object_component>
      <object_component id="oc-3f1">
         <name>.data:gpioCallbackFunctions</name>
         <load_address>0x200088a0</load_address>
         <run_address>0x200088a0</run_address>
         <size>0xc</size>
         <input_file_ref idref="fl-2"/>
      </object_component>
      <object_component id="oc-46a">
         <name>.data:parkInfo</name>
         <load_address>0x20008788</load_address>
         <run_address>0x20008788</run_address>
         <size>0xf8</size>
         <input_file_ref idref="fl-2"/>
      </object_component>
      <object_component id="oc-2c9">
         <name>.data</name>
         <load_address>0x200088ac</load_address>
         <run_address>0x200088ac</run_address>
         <size>0x9</size>
         <input_file_ref idref="fl-12"/>
      </object_component>
      <object_component id="oc-38f">
         <name>.data:PowerCC32XX_module</name>
         <load_address>0x2000861c</load_address>
         <run_address>0x2000861c</run_address>
         <size>0x16c</size>
         <input_file_ref idref="fl-15"/>
      </object_component>
      <object_component id="oc-3d2">
         <name>.data</name>
         <load_address>0x200088b5</load_address>
         <run_address>0x200088b5</run_address>
         <size>0x3</size>
         <input_file_ref idref="fl-22"/>
      </object_component>
      <object_component id="oc-46f">
         <name>.data:SemaphoreP_defaultParams</name>
         <load_address>0x200088c0</load_address>
         <run_address>0x200088c0</run_address>
         <size>0x8</size>
         <input_file_ref idref="fl-22"/>
      </object_component>
      <object_component id="oc-52b">
         <name>.data</name>
         <load_address>0x200088d0</load_address>
         <run_address>0x200088d0</run_address>
         <size>0x5</size>
         <input_file_ref idref="fl-24"/>
      </object_component>
      <object_component id="oc-4ce">
         <name>.data:HwiP_dispatchTable</name>
         <load_address>0x20008310</load_address>
         <run_address>0x20008310</run_address>
         <size>0x30c</size>
         <input_file_ref idref="fl-25"/>
      </object_component>
      <object_component id="oc-4cb">
         <name>.data</name>
         <load_address>0x200088c8</load_address>
         <run_address>0x200088c8</run_address>
         <size>0x8</size>
         <input_file_ref idref="fl-25"/>
      </object_component>
      <object_component id="oc-49f">
         <name>.data:$O1$$</name>
         <load_address>0x20008894</load_address>
         <run_address>0x20008894</run_address>
         <size>0xc</size>
         <input_file_ref idref="fl-fa"/>
      </object_component>
      <object_component id="oc-330">
         <name>.data:$O1$$</name>
         <load_address>0x200088b8</load_address>
         <run_address>0x200088b8</run_address>
         <size>0x8</size>
         <input_file_ref idref="fl-fb"/>
      </object_component>
      <object_component id="oc-2d8">
         <name>.bss:gpioCallbackInfo</name>
         <uninitialized>true</uninitialized>
         <run_address>0x20008a04</run_address>
         <size>0x20</size>
         <input_file_ref idref="fl-12"/>
      </object_component>
      <object_component id="oc-2cf">
         <name>.bss:powerNotifyObj</name>
         <uninitialized>true</uninitialized>
         <run_address>0x20008a24</run_address>
         <size>0x14</size>
         <input_file_ref idref="fl-12"/>
      </object_component>
      <object_component id="oc-2c8">
         <name>.bss</name>
         <uninitialized>true</uninitialized>
         <run_address>0x20008a58</run_address>
         <size>0x4</size>
         <input_file_ref idref="fl-12"/>
      </object_component>
      <object_component id="oc-5ad">
         <name>.bss</name>
         <uninitialized>true</uninitialized>
         <run_address>0x20008a5c</run_address>
         <size>0x4</size>
         <input_file_ref idref="fl-24"/>
      </object_component>
      <object_component id="oc-550">
         <name>.bss</name>
         <uninitialized>true</uninitialized>
         <run_address>0x20008a48</run_address>
         <size>0xd</size>
         <input_file_ref idref="fl-28"/>
      </object_component>
      <object_component id="oc-5ce">
         <name>.common:PowerCC32XX_contextSave</name>
         <uninitialized>true</uninitialized>
         <run_address>0x200088d8</run_address>
         <size>0x12c</size>
      </object_component>
      <object_component id="oc-d7">
         <name>.common:ClockP_ctrl</name>
         <uninitialized>true</uninitialized>
         <run_address>0x20008a38</run_address>
         <size>0x10</size>
      </object_component>
      <object_component id="oc-29">
         <name>.sysmem</name>
         <uninitialized>true</uninitialized>
         <run_address>0x20000310</run_address>
         <size>0x8</size>
         <input_file_ref idref="fl-fa"/>
      </object_component>
      <object_component id="oc-63d">
         <name>.sysmem</name>
         <uninitialized>true</uninitialized>
         <run_address>0x20000310</run_address>
         <size>0x0</size>
      </object_component>
      <object_component id="oc-26">
         <name>.stack</name>
         <uninitialized>true</uninitialized>
         <run_address>0x2003f000</run_address>
         <size>0x4</size>
         <input_file_ref idref="fl-f8"/>
      </object_component>
      <object_component id="oc-63c">
         <name>.stack</name>
         <uninitialized>true</uninitialized>
         <run_address>0x2003f000</run_address>
         <size>0x0</size>
      </object_component>
      <object_component id="oc-23">
         <name>.resetVecs:retain</name>
         <load_address>0x1000800</load_address>
         <run_address>0x1000800</run_address>
         <size>0x40</size>
         <input_file_ref idref="fl-27"/>
      </object_component>
      <object_component id="oc-b7">
         <name>.ramVecs</name>
         <uninitialized>true</uninitialized>
         <run_address>0x20000000</run_address>
         <size>0x30c</size>
         <input_file_ref idref="fl-27"/>
      </object_component>
      <object_component id="oc-142">
         <name>.debug_info</name>
         <load_address>0x0</load_address>
         <run_address>0x0</run_address>
         <size>0x16e6</size>
         <input_file_ref idref="fl-2"/>
      </object_component>
      <object_component id="oc-3ef">
         <name>.debug_info</name>
         <load_address>0x16e6</load_address>
         <run_address>0x16e6</run_address>
         <size>0xf1</size>
         <input_file_ref idref="fl-2"/>
      </object_component>
      <object_component id="oc-3f2">
         <name>.debug_info</name>
         <load_address>0x17d7</load_address>
         <run_address>0x17d7</run_address>
         <size>0xff</size>
         <input_file_ref idref="fl-2"/>
      </object_component>
      <object_component id="oc-2cd">
         <name>.debug_info</name>
         <load_address>0x18d6</load_address>
         <run_address>0x18d6</run_address>
         <size>0xf7</size>
         <input_file_ref idref="fl-2"/>
      </object_component>
      <object_component id="oc-46b">
         <name>.debug_info</name>
         <load_address>0x19cd</load_address>
         <run_address>0x19cd</run_address>
         <size>0xe6</size>
         <input_file_ref idref="fl-2"/>
      </object_component>
      <object_component id="oc-393">
         <name>.debug_info</name>
         <load_address>0x1ab3</load_address>
         <run_address>0x1ab3</run_address>
         <size>0xfa</size>
         <input_file_ref idref="fl-2"/>
      </object_component>
      <object_component id="oc-149">
         <name>.debug_info</name>
         <load_address>0x1bad</load_address>
         <run_address>0x1bad</run_address>
         <size>0x17c</size>
         <input_file_ref idref="fl-2"/>
      </object_component>
      <object_component id="oc-1ee">
         <name>.debug_info</name>
         <load_address>0x1d29</load_address>
         <run_address>0x1d29</run_address>
         <size>0x47b</size>
         <input_file_ref idref="fl-2"/>
      </object_component>
      <object_component id="oc-1c6">
         <name>.debug_info</name>
         <load_address>0x21a4</load_address>
         <run_address>0x21a4</run_address>
         <size>0xeb</size>
         <input_file_ref idref="fl-2"/>
      </object_component>
      <object_component id="oc-22f">
         <name>.debug_info</name>
         <load_address>0x228f</load_address>
         <run_address>0x228f</run_address>
         <size>0x87f</size>
         <input_file_ref idref="fl-2"/>
      </object_component>
      <object_component id="oc-1d5">
         <name>.debug_info</name>
         <load_address>0x2b0e</load_address>
         <run_address>0x2b0e</run_address>
         <size>0x4fd</size>
         <input_file_ref idref="fl-2"/>
      </object_component>
      <object_component id="oc-1d0">
         <name>.debug_info</name>
         <load_address>0x300b</load_address>
         <run_address>0x300b</run_address>
         <size>0x86</size>
         <input_file_ref idref="fl-2"/>
      </object_component>
      <object_component id="oc-1f3">
         <name>.debug_info</name>
         <load_address>0x3091</load_address>
         <run_address>0x3091</run_address>
         <size>0x1d3</size>
         <input_file_ref idref="fl-2"/>
      </object_component>
      <object_component id="oc-25c">
         <name>.debug_info</name>
         <load_address>0x3264</load_address>
         <run_address>0x3264</run_address>
         <size>0x524</size>
         <input_file_ref idref="fl-2"/>
      </object_component>
      <object_component id="oc-dd">
         <name>.debug_info</name>
         <load_address>0x3788</load_address>
         <run_address>0x3788</run_address>
         <size>0x26b</size>
         <input_file_ref idref="fl-2"/>
      </object_component>
      <object_component id="oc-1da">
         <name>.debug_info</name>
         <load_address>0x39f3</load_address>
         <run_address>0x39f3</run_address>
         <size>0xc0</size>
         <input_file_ref idref="fl-2"/>
      </object_component>
      <object_component id="oc-1df">
         <name>.debug_info</name>
         <load_address>0x3ab3</load_address>
         <run_address>0x3ab3</run_address>
         <size>0x1b6</size>
         <input_file_ref idref="fl-2"/>
      </object_component>
      <object_component id="oc-1e4">
         <name>.debug_info</name>
         <load_address>0x3c69</load_address>
         <run_address>0x3c69</run_address>
         <size>0x12a</size>
         <input_file_ref idref="fl-2"/>
      </object_component>
      <object_component id="oc-1e9">
         <name>.debug_info</name>
         <load_address>0x3d93</load_address>
         <run_address>0x3d93</run_address>
         <size>0x24d</size>
         <input_file_ref idref="fl-2"/>
      </object_component>
      <object_component id="oc-133">
         <name>.debug_info</name>
         <load_address>0x3fe0</load_address>
         <run_address>0x3fe0</run_address>
         <size>0x143</size>
         <input_file_ref idref="fl-2"/>
      </object_component>
      <object_component id="oc-1f8">
         <name>.debug_info</name>
         <load_address>0x4123</load_address>
         <run_address>0x4123</run_address>
         <size>0x102</size>
         <input_file_ref idref="fl-2"/>
      </object_component>
      <object_component id="oc-1fd">
         <name>.debug_info</name>
         <load_address>0x4225</load_address>
         <run_address>0x4225</run_address>
         <size>0x235</size>
         <input_file_ref idref="fl-2"/>
      </object_component>
      <object_component id="oc-202">
         <name>.debug_info</name>
         <load_address>0x445a</load_address>
         <run_address>0x445a</run_address>
         <size>0x9e</size>
         <input_file_ref idref="fl-2"/>
      </object_component>
      <object_component id="oc-207">
         <name>.debug_info</name>
         <load_address>0x44f8</load_address>
         <run_address>0x44f8</run_address>
         <size>0x439</size>
         <input_file_ref idref="fl-2"/>
      </object_component>
      <object_component id="oc-275">
         <name>.debug_info</name>
         <load_address>0x4931</load_address>
         <run_address>0x4931</run_address>
         <size>0x100</size>
         <input_file_ref idref="fl-2"/>
      </object_component>
      <object_component id="oc-20c">
         <name>.debug_info</name>
         <load_address>0x4a31</load_address>
         <run_address>0x4a31</run_address>
         <size>0x238</size>
         <input_file_ref idref="fl-2"/>
      </object_component>
      <object_component id="oc-211">
         <name>.debug_info</name>
         <load_address>0x4c69</load_address>
         <run_address>0x4c69</run_address>
         <size>0x327</size>
         <input_file_ref idref="fl-2"/>
      </object_component>
      <object_component id="oc-216">
         <name>.debug_info</name>
         <load_address>0x4f90</load_address>
         <run_address>0x4f90</run_address>
         <size>0x3da</size>
         <input_file_ref idref="fl-2"/>
      </object_component>
      <object_component id="oc-21b">
         <name>.debug_info</name>
         <load_address>0x536a</load_address>
         <run_address>0x536a</run_address>
         <size>0x41c</size>
         <input_file_ref idref="fl-2"/>
      </object_component>
      <object_component id="oc-220">
         <name>.debug_info</name>
         <load_address>0x5786</load_address>
         <run_address>0x5786</run_address>
         <size>0xa5</size>
         <input_file_ref idref="fl-2"/>
      </object_component>
      <object_component id="oc-225">
         <name>.debug_info</name>
         <load_address>0x582b</load_address>
         <run_address>0x582b</run_address>
         <size>0x116</size>
         <input_file_ref idref="fl-2"/>
      </object_component>
      <object_component id="oc-22a">
         <name>.debug_info</name>
         <load_address>0x5941</load_address>
         <run_address>0x5941</run_address>
         <size>0x300</size>
         <input_file_ref idref="fl-2"/>
      </object_component>
      <object_component id="oc-34e">
         <name>.debug_info</name>
         <load_address>0x5c41</load_address>
         <run_address>0x5c41</run_address>
         <size>0xb1</size>
         <input_file_ref idref="fl-2"/>
      </object_component>
      <object_component id="oc-234">
         <name>.debug_info</name>
         <load_address>0x5cf2</load_address>
         <run_address>0x5cf2</run_address>
         <size>0xbf</size>
         <input_file_ref idref="fl-2"/>
      </object_component>
      <object_component id="oc-239">
         <name>.debug_info</name>
         <load_address>0x5db1</load_address>
         <run_address>0x5db1</run_address>
         <size>0xc8</size>
         <input_file_ref idref="fl-2"/>
      </object_component>
      <object_component id="oc-23e">
         <name>.debug_info</name>
         <load_address>0x5e79</load_address>
         <run_address>0x5e79</run_address>
         <size>0x221</size>
         <input_file_ref idref="fl-2"/>
      </object_component>
      <object_component id="oc-243">
         <name>.debug_info</name>
         <load_address>0x609a</load_address>
         <run_address>0x609a</run_address>
         <size>0x246</size>
         <input_file_ref idref="fl-2"/>
      </object_component>
      <object_component id="oc-248">
         <name>.debug_info</name>
         <load_address>0x62e0</load_address>
         <run_address>0x62e0</run_address>
         <size>0x346</size>
         <input_file_ref idref="fl-2"/>
      </object_component>
      <object_component id="oc-24d">
         <name>.debug_info</name>
         <load_address>0x6626</load_address>
         <run_address>0x6626</run_address>
         <size>0x404</size>
         <input_file_ref idref="fl-2"/>
      </object_component>
      <object_component id="oc-12e">
         <name>.debug_info</name>
         <load_address>0x6a2a</load_address>
         <run_address>0x6a2a</run_address>
         <size>0x10c</size>
         <input_file_ref idref="fl-2"/>
      </object_component>
      <object_component id="oc-252">
         <name>.debug_info</name>
         <load_address>0x6b36</load_address>
         <run_address>0x6b36</run_address>
         <size>0x18f</size>
         <input_file_ref idref="fl-2"/>
      </object_component>
      <object_component id="oc-257">
         <name>.debug_info</name>
         <load_address>0x6cc5</load_address>
         <run_address>0x6cc5</run_address>
         <size>0x293</size>
         <input_file_ref idref="fl-2"/>
      </object_component>
      <object_component id="oc-261">
         <name>.debug_info</name>
         <load_address>0x6f58</load_address>
         <run_address>0x6f58</run_address>
         <size>0x4f3</size>
         <input_file_ref idref="fl-2"/>
      </object_component>
      <object_component id="oc-266">
         <name>.debug_info</name>
         <load_address>0x744b</load_address>
         <run_address>0x744b</run_address>
         <size>0x12a</size>
         <input_file_ref idref="fl-2"/>
      </object_component>
      <object_component id="oc-26b">
         <name>.debug_info</name>
         <load_address>0x7575</load_address>
         <run_address>0x7575</run_address>
         <size>0xb9</size>
         <input_file_ref idref="fl-2"/>
      </object_component>
      <object_component id="oc-270">
         <name>.debug_info</name>
         <load_address>0x762e</load_address>
         <run_address>0x762e</run_address>
         <size>0x277</size>
         <input_file_ref idref="fl-2"/>
      </object_component>
      <object_component id="oc-4e5">
         <name>.debug_info</name>
         <load_address>0x78a5</load_address>
         <run_address>0x78a5</run_address>
         <size>0x62</size>
         <input_file_ref idref="fl-2"/>
      </object_component>
      <object_component id="oc-fe">
         <name>.debug_info</name>
         <load_address>0x7907</load_address>
         <run_address>0x7907</run_address>
         <size>0x8b</size>
         <input_file_ref idref="fl-2"/>
      </object_component>
      <object_component id="oc-284">
         <name>.debug_info</name>
         <load_address>0x7992</load_address>
         <run_address>0x7992</run_address>
         <size>0x3b</size>
         <input_file_ref idref="fl-2"/>
      </object_component>
      <object_component id="oc-13d">
         <name>.debug_info</name>
         <load_address>0x79cd</load_address>
         <run_address>0x79cd</run_address>
         <size>0x297</size>
         <input_file_ref idref="fl-2"/>
      </object_component>
      <object_component id="oc-27f">
         <name>.debug_info</name>
         <load_address>0x7c64</load_address>
         <run_address>0x7c64</run_address>
         <size>0xef</size>
         <input_file_ref idref="fl-2"/>
      </object_component>
      <object_component id="oc-129">
         <name>.debug_info</name>
         <load_address>0x7d53</load_address>
         <run_address>0x7d53</run_address>
         <size>0xbb</size>
         <input_file_ref idref="fl-2"/>
      </object_component>
      <object_component id="oc-1cb">
         <name>.debug_info</name>
         <load_address>0x7e0e</load_address>
         <run_address>0x7e0e</run_address>
         <size>0x94</size>
         <input_file_ref idref="fl-2"/>
      </object_component>
      <object_component id="oc-a6">
         <name>.debug_info</name>
         <load_address>0x7ea2</load_address>
         <run_address>0x7ea2</run_address>
         <size>0x2c</size>
         <input_file_ref idref="fl-2"/>
      </object_component>
      <object_component id="oc-289">
         <name>.debug_info</name>
         <load_address>0x7ece</load_address>
         <run_address>0x7ece</run_address>
         <size>0x53</size>
         <input_file_ref idref="fl-2"/>
      </object_component>
      <object_component id="oc-27a">
         <name>.debug_info</name>
         <load_address>0x7f21</load_address>
         <run_address>0x7f21</run_address>
         <size>0x2c</size>
         <input_file_ref idref="fl-2"/>
      </object_component>
      <object_component id="oc-111">
         <name>.debug_info</name>
         <load_address>0x7f4d</load_address>
         <run_address>0x7f4d</run_address>
         <size>0x25a</size>
         <input_file_ref idref="fl-3"/>
      </object_component>
      <object_component id="oc-17f">
         <name>.debug_info</name>
         <load_address>0x81a7</load_address>
         <run_address>0x81a7</run_address>
         <size>0x188</size>
         <input_file_ref idref="fl-3"/>
      </object_component>
      <object_component id="oc-173">
         <name>.debug_info</name>
         <load_address>0x832f</load_address>
         <run_address>0x832f</run_address>
         <size>0x168</size>
         <input_file_ref idref="fl-3"/>
      </object_component>
      <object_component id="oc-179">
         <name>.debug_info</name>
         <load_address>0x8497</load_address>
         <run_address>0x8497</run_address>
         <size>0x168</size>
         <input_file_ref idref="fl-3"/>
      </object_component>
      <object_component id="oc-32">
         <name>.debug_info</name>
         <load_address>0x85ff</load_address>
         <run_address>0x85ff</run_address>
         <size>0x84</size>
         <input_file_ref idref="fl-3"/>
      </object_component>
      <object_component id="oc-319">
         <name>.debug_info</name>
         <load_address>0x8683</load_address>
         <run_address>0x8683</run_address>
         <size>0x601</size>
         <input_file_ref idref="fl-12"/>
      </object_component>
      <object_component id="oc-313">
         <name>.debug_info</name>
         <load_address>0x8c84</load_address>
         <run_address>0x8c84</run_address>
         <size>0xe5</size>
         <input_file_ref idref="fl-12"/>
      </object_component>
      <object_component id="oc-30a">
         <name>.debug_info</name>
         <load_address>0x8d69</load_address>
         <run_address>0x8d69</run_address>
         <size>0xeb</size>
         <input_file_ref idref="fl-12"/>
      </object_component>
      <object_component id="oc-307">
         <name>.debug_info</name>
         <load_address>0x8e54</load_address>
         <run_address>0x8e54</run_address>
         <size>0xe0</size>
         <input_file_ref idref="fl-12"/>
      </object_component>
      <object_component id="oc-304">
         <name>.debug_info</name>
         <load_address>0x8f34</load_address>
         <run_address>0x8f34</run_address>
         <size>0xe2</size>
         <input_file_ref idref="fl-12"/>
      </object_component>
      <object_component id="oc-301">
         <name>.debug_info</name>
         <load_address>0x9016</load_address>
         <run_address>0x9016</run_address>
         <size>0xea</size>
         <input_file_ref idref="fl-12"/>
      </object_component>
      <object_component id="oc-2fb">
         <name>.debug_info</name>
         <load_address>0x9100</load_address>
         <run_address>0x9100</run_address>
         <size>0xdb</size>
         <input_file_ref idref="fl-12"/>
      </object_component>
      <object_component id="oc-316">
         <name>.debug_info</name>
         <load_address>0x91db</load_address>
         <run_address>0x91db</run_address>
         <size>0xed</size>
         <input_file_ref idref="fl-12"/>
      </object_component>
      <object_component id="oc-2fe">
         <name>.debug_info</name>
         <load_address>0x92c8</load_address>
         <run_address>0x92c8</run_address>
         <size>0xe7</size>
         <input_file_ref idref="fl-12"/>
      </object_component>
      <object_component id="oc-2d9">
         <name>.debug_info</name>
         <load_address>0x93af</load_address>
         <run_address>0x93af</run_address>
         <size>0xeb</size>
         <input_file_ref idref="fl-12"/>
      </object_component>
      <object_component id="oc-2ca">
         <name>.debug_info</name>
         <load_address>0x949a</load_address>
         <run_address>0x949a</run_address>
         <size>0x153</size>
         <input_file_ref idref="fl-12"/>
      </object_component>
      <object_component id="oc-2d0">
         <name>.debug_info</name>
         <load_address>0x95ed</load_address>
         <run_address>0x95ed</run_address>
         <size>0xe7</size>
         <input_file_ref idref="fl-12"/>
      </object_component>
      <object_component id="oc-30e">
         <name>.debug_info</name>
         <load_address>0x96d4</load_address>
         <run_address>0x96d4</run_address>
         <size>0x1bf</size>
         <input_file_ref idref="fl-12"/>
      </object_component>
      <object_component id="oc-15c">
         <name>.debug_info</name>
         <load_address>0x9893</load_address>
         <run_address>0x9893</run_address>
         <size>0x3b9</size>
         <input_file_ref idref="fl-12"/>
      </object_component>
      <object_component id="oc-16e">
         <name>.debug_info</name>
         <load_address>0x9c4c</load_address>
         <run_address>0x9c4c</run_address>
         <size>0x19c</size>
         <input_file_ref idref="fl-12"/>
      </object_component>
      <object_component id="oc-2d4">
         <name>.debug_info</name>
         <load_address>0x9de8</load_address>
         <run_address>0x9de8</run_address>
         <size>0x1f1</size>
         <input_file_ref idref="fl-12"/>
      </object_component>
      <object_component id="oc-162">
         <name>.debug_info</name>
         <load_address>0x9fd9</load_address>
         <run_address>0x9fd9</run_address>
         <size>0x1cf</size>
         <input_file_ref idref="fl-12"/>
      </object_component>
      <object_component id="oc-31f">
         <name>.debug_info</name>
         <load_address>0xa1a8</load_address>
         <run_address>0xa1a8</run_address>
         <size>0x1b0</size>
         <input_file_ref idref="fl-12"/>
      </object_component>
      <object_component id="oc-168">
         <name>.debug_info</name>
         <load_address>0xa358</load_address>
         <run_address>0xa358</run_address>
[...]
         <value>0x1001bf9</value>
         <object_component_ref idref="oc-110"/>
      </symbol>
      <symbol id="sm-26d">
         <name>GPIO_setConfig</name>
         <value>0x1000c6d</value>
         <object_component_ref idref="oc-15a"/>
      </symbol>
      <symbol id="sm-26e">
         <name>GPIO_init</name>
         <value>0x1001311</value>
         <object_component_ref idref="oc-154"/>
      </symbol>
      <symbol id="sm-26f">
         <name>GPIO_toggle</name>
         <value>0x1001dd1</value>
         <object_component_ref idref="oc-31d"/>
      </symbol>
      <symbol id="sm-270">
         <name>outPinStrengths</name>
         <value>0x1002e0c</value>
         <object_component_ref idref="oc-300"/>
      </symbol>
      <symbol id="sm-271">
         <name>GPIO_read</name>
         <value>0x10025f1</value>
         <object_component_ref idref="oc-325"/>
      </symbol>
      <symbol id="sm-272">
         <name>GPIO_enableInt</name>
         <value>0x10021b1</value>
         <object_component_ref idref="oc-16c"/>
      </symbol>
      <symbol id="sm-273">
         <name>inPinTypes</name>
         <value>0x1002e06</value>
         <object_component_ref idref="oc-306"/>
      </symbol>
      <symbol id="sm-274">
         <name>outPinTypes</name>
         <value>0x1002df8</value>
         <object_component_ref idref="oc-303"/>
      </symbol>
      <symbol id="sm-275">
         <name>GPIO_write</name>
         <value>0x100200d</value>
         <object_component_ref idref="oc-160"/>
      </symbol>
      <symbol id="sm-276">
         <name>GPIO_setCallback</name>
         <value>0x1001fb5</value>
         <object_component_ref idref="oc-166"/>
      </symbol>
      <symbol id="sm-277">
         <name>GPIO_hwiIntFxn</name>
         <value>0x1001c79</value>
         <object_component_ref idref="oc-30c"/>
      </symbol>
      <symbol id="sm-3b9">
         <name>PowerCC32XX_contextSave</name>
         <value>0x200088d8</value>
      </symbol>
      <symbol id="sm-3ba">
         <name>PowerCC32XX_configureWakeup</name>
         <value>0x1001531</value>
         <object_component_ref idref="oc-389"/>
      </symbol>
      <symbol id="sm-3bb">
         <name>Power_registerNotify</name>
         <value>0x1002831</value>
         <object_component_ref idref="oc-2bc"/>
      </symbol>
      <symbol id="sm-3bc">
         <name>PowerCC32XX_restoreParkedPin</name>
         <value>0x1002709</value>
         <object_component_ref idref="oc-5e4"/>
      </symbol>
      <symbol id="sm-3bd">
         <name>Power_sleep</name>
         <value>0x1001121</value>
         <object_component_ref idref="oc-514"/>
      </symbol>
      <symbol id="sm-3be">
         <name>Power_idleFunc</name>
         <value>0x1002989</value>
         <object_component_ref idref="oc-531"/>
      </symbol>
      <symbol id="sm-3bf">
         <name>Power_getConstraintMask</name>
         <value>0x1002b49</value>
         <object_component_ref idref="oc-4f7"/>
      </symbol>
      <symbol id="sm-3c0">
         <name>Power_disablePolicy</name>
         <value>0x1002a39</value>
         <object_component_ref idref="oc-3e5"/>
      </symbol>
      <symbol id="sm-3c1">
         <name>Power_init</name>
         <value>0x1001a71</value>
         <object_component_ref idref="oc-296"/>
      </symbol>
      <symbol id="sm-3c2">
         <name>PowerCC32XX_setParkState</name>
         <value>0x1001e35</value>
         <object_component_ref idref="oc-3f8"/>
      </symbol>
      <symbol id="sm-3c3">
         <name>Power_getDependencyCount</name>
         <value>0x1002a4d</value>
         <object_component_ref idref="oc-5dd"/>
      </symbol>
      <symbol id="sm-3c4">
         <name>Power_enablePolicy</name>
         <value>0x1002ad5</value>
         <object_component_ref idref="oc-3ba"/>
      </symbol>
      <symbol id="sm-3c5">
         <name>PowerCC32XX_parkPin</name>
         <value>0x10020bd</value>
         <object_component_ref idref="oc-5c7"/>
      </symbol>
      <symbol id="sm-3c6">
         <name>PowerCC32XX_module</name>
         <value>0x2000861c</value>
         <object_component_ref idref="oc-38f"/>
      </symbol>
      <symbol id="sm-3c7">
         <name>Power_setDependency</name>
         <value>0x1001b79</value>
         <object_component_ref idref="oc-2e2"/>
      </symbol>
      <symbol id="sm-3d8">
         <name>PowerCC32XX_enterLPDS</name>
         <value>0x10023ed</value>
         <object_component_ref idref="oc-576"/>
      </symbol>
      <symbol id="sm-3d9">
         <name>PowerCC32XX_resumeLPDS</name>
         <value>0x100210f</value>
         <object_component_ref idref="oc-5d0"/>
      </symbol>
      <symbol id="sm-3ee">
         <name>List_put</name>
         <value>0x10028a9</value>
         <object_component_ref idref="oc-3d6"/>
      </symbol>
      <symbol id="sm-46b">
         <name>SemaphoreP_defaultParams</name>
         <value>0x200088c0</value>
         <object_component_ref idref="oc-46f"/>
      </symbol>
      <symbol id="sm-46c">
         <name>SemaphoreP_construct</name>
         <value>0x1002161</value>
         <object_component_ref idref="oc-473"/>
      </symbol>
      <symbol id="sm-46d">
         <name>SemaphoreP_create</name>
         <value>0x10029e5</value>
         <object_component_ref idref="oc-39c"/>
      </symbol>
      <symbol id="sm-46e">
         <name>SemaphoreP_post</name>
         <value>0x1002431</value>
         <object_component_ref idref="oc-2c2"/>
      </symbol>
      <symbol id="sm-46f">
         <name>SemaphoreP_pend</name>
         <value>0x10015d9</value>
         <object_component_ref idref="oc-2b6"/>
      </symbol>
      <symbol id="sm-470">
         <name>SemaphoreP_delete</name>
         <value>0x1002b73</value>
         <object_component_ref idref="oc-2b0"/>
      </symbol>
      <symbol id="sm-471">
         <name>SemaphoreP_createBinary</name>
         <value>0x1002951</value>
         <object_component_ref idref="oc-29e"/>
      </symbol>
      <symbol id="sm-472">
         <name>SemaphoreP_Params_init</name>
         <value>0x1002ae5</value>
         <object_component_ref idref="oc-396"/>
      </symbol>
      <symbol id="sm-473">
         <name>clkFxn</name>
         <value>0x10028cf</value>
         <object_component_ref idref="oc-3cc"/>
      </symbol>
      <symbol id="sm-523">
         <name>ClockP_ctrl</name>
         <value>0x20008a38</value>
      </symbol>
      <symbol id="sm-524">
         <name>ClockP_doTick</name>
         <value>0x1002365</value>
         <object_component_ref idref="oc-75"/>
      </symbol>
      <symbol id="sm-525">
         <name>ClockP_startup</name>
         <value>0x1002775</value>
         <object_component_ref idref="oc-539"/>
      </symbol>
      <symbol id="sm-526">
         <name>ClockP_stop</name>
         <value>0x1002321</value>
         <object_component_ref idref="oc-4a4"/>
      </symbol>
      <symbol id="sm-527">
         <name>ClockP_getTicksUntilInterrupt</name>
         <value>0x1002741</value>
         <object_component_ref idref="oc-4fd"/>
      </symbol>
      <symbol id="sm-528">
         <name>ClockP_setTicks</name>
         <value>0x1002ab5</value>
         <object_component_ref idref="oc-51f"/>
      </symbol>
      <symbol id="sm-529">
         <name>ClockP_tickPeriod</name>
         <value>0x200088d0</value>
         <object_component_ref idref="oc-52b"/>
      </symbol>
      <symbol id="sm-52a">
         <name>ClockP_getSystemTicks</name>
         <value>0x1002aa5</value>
         <object_component_ref idref="oc-503"/>
      </symbol>
      <symbol id="sm-52b">
         <name>ClockP_destruct</name>
         <value>0x100253d</value>
         <object_component_ref idref="oc-3c6"/>
      </symbol>
      <symbol id="sm-52c">
         <name>ClockP_start</name>
         <value>0x1001e99</value>
         <object_component_ref idref="oc-3b4"/>
      </symbol>
      <symbol id="sm-52d">
         <name>ClockP_sysTickHandler</name>
         <value>0x1002365</value>
         <object_component_ref idref="oc-75"/>
      </symbol>
      <symbol id="sm-52e">
         <name>ClockP_isActive</name>
         <value>0x1002b55</value>
         <object_component_ref idref="oc-3c0"/>
      </symbol>
      <symbol id="sm-52f">
         <name>ClockP_getCpuFreq</name>
         <value>0x1002a95</value>
         <object_component_ref idref="oc-4eb"/>
      </symbol>
      <symbol id="sm-530">
         <name>ClockP_add</name>
         <value>0x1002a85</value>
         <object_component_ref idref="oc-3ae"/>
      </symbol>
      <symbol id="sm-5a1">
         <name>HwiP_construct</name>
         <value>0x10018d5</value>
         <object_component_ref idref="oc-40e"/>
      </symbol>
      <symbol id="sm-5a2">
         <name>HwiP_inISR</name>
         <value>0x1002a11</value>
         <object_component_ref idref="oc-3df"/>
      </symbol>
      <symbol id="sm-5a3">
         <name>HwiP_dispatch</name>
         <value>0x10028d1</value>
         <object_component_ref idref="oc-4c5"/>
      </symbol>
      <symbol id="sm-5a4">
         <name>HwiP_swiPIntNum</name>
         <value>0x200088cc</value>
         <object_component_ref idref="oc-4cb"/>
      </symbol>
      <symbol id="sm-5a5">
         <name>HwiP_Params_init</name>
         <value>0x1002a61</value>
         <object_component_ref idref="oc-2ee"/>
      </symbol>
      <symbol id="sm-5a6">
         <name>HwiP_disable</name>
         <value>0x1002af5</value>
         <object_component_ref idref="oc-2a4"/>
      </symbol>
      <symbol id="sm-5a7">
         <name>HwiP_key</name>
         <value>0x200088c8</value>
         <object_component_ref idref="oc-4cb"/>
      </symbol>
      <symbol id="sm-5a8">
         <name>HwiP_create</name>
         <value>0x10027dd</value>
         <object_component_ref idref="oc-2f4"/>
      </symbol>
      <symbol id="sm-5a9">
         <name>HwiP_post</name>
         <value>0x1002b6f</value>
         <object_component_ref idref="oc-59c"/>
      </symbol>
      <symbol id="sm-5aa">
         <name>HwiP_enable</name>
         <value>0x1002b03</value>
         <object_component_ref idref="oc-14e"/>
      </symbol>
      <symbol id="sm-5ab">
         <name>HwiP_restore</name>
         <value>0x1002ac5</value>
         <object_component_ref idref="oc-2aa"/>
      </symbol>
      <symbol id="sm-5da">
         <name>PowerCC32XX_initPolicy</name>
         <value>0x1001843</value>
         <object_component_ref idref="oc-45e"/>
      </symbol>
      <symbol id="sm-5db">
         <name>PowerCC32XX_sleepPolicy</name>
         <value>0x1000e35</value>
         <object_component_ref idref="oc-464"/>
      </symbol>
      <symbol id="sm-62b">
         <name>resetISR</name>
         <value>0x100296d</value>
         <object_component_ref idref="oc-1d"/>
      </symbol>
      <symbol id="sm-62c">
         <name>resetVectorAddr</name>
         <value>0x1002980</value>
         <object_component_ref idref="oc-1d"/>
      </symbol>
      <symbol id="sm-62d">
         <name>initVectors</name>
         <value>0x1002661</value>
         <object_component_ref idref="oc-55"/>
      </symbol>
      <symbol id="sm-62e">
         <name>resetVectors</name>
         <value>0x1000800</value>
         <object_component_ref idref="oc-23"/>
      </symbol>
      <symbol id="sm-65e">
         <name>SwiP_disable</name>
         <value>0x1002935</value>
         <object_component_ref idref="oc-4f1"/>
      </symbol>
      <symbol id="sm-65f">
         <name>SwiP_restore</name>
         <value>0x1002475</value>
         <object_component_ref idref="oc-525"/>
      </symbol>
      <symbol id="sm-6a5">
         <name>IntVTableBaseSet</name>
         <value>0x1002a25</value>
         <object_component_ref idref="oc-ab"/>
      </symbol>
      <symbol id="sm-6a6">
         <name>IntEnable</name>
         <value>0x1001489</value>
         <object_component_ref idref="oc-b1"/>
      </symbol>
      <symbol id="sm-6a7">
         <name>IntMasterDisable</name>
         <value>0x1002b5f</value>
         <object_component_ref idref="oc-4f"/>
      </symbol>
      <symbol id="sm-6a8">
         <name>IntPendSet</name>
         <value>0x1001961</value>
         <object_component_ref idref="oc-5f3"/>
      </symbol>
      <symbol id="sm-6e2">
         <name>PinModeGet</name>
         <value>0x10027a9</value>
         <object_component_ref idref="oc-382"/>
      </symbol>
      <symbol id="sm-6e3">
         <name>PinConfigSet</name>
         <value>0x10019e9</value>
         <object_component_ref idref="oc-2e8"/>
      </symbol>
      <symbol id="sm-6e4">
         <name>PinModeSet</name>
         <value>0x10024fd</value>
         <object_component_ref idref="oc-2dc"/>
      </symbol>
      <symbol id="sm-6e5">
         <name>PinToPadGet</name>
         <value>0x1002919</value>
         <object_component_ref idref="oc-5c1"/>
      </symbol>
      <symbol id="sm-7ae">
         <name>PRCMLPDSRestoreInfoSet</name>
         <value>0x10023a9</value>
         <object_component_ref idref="oc-5d5"/>
      </symbol>
      <symbol id="sm-7af">
         <name>PRCMPeripheralReset</name>
         <value>0x1002065</value>
         <object_component_ref idref="oc-376"/>
      </symbol>
      <symbol id="sm-7b0">
         <name>PRCMLPDSEnter</name>
         <value>0x1002291</value>
         <object_component_ref idref="oc-58d"/>
      </symbol>
      <symbol id="sm-7b1">
         <name>PRCMPeripheralClkEnable</name>
         <value>0x10022d9</value>
         <object_component_ref idref="oc-370"/>
      </symbol>
      <symbol id="sm-7b2">
         <name>PRCMLPDSEnterKeepDebugIf</name>
         <value>0x1002629</value>
         <object_component_ref idref="oc-593"/>
      </symbol>
      <symbol id="sm-7b3">
         <name>PRCMCC3200MCUInit</name>
         <value>0x1000841</value>
         <object_component_ref idref="oc-290"/>
      </symbol>
      <symbol id="sm-7b4">
         <name>PRCMHIBRegWrite</name>
         <value>0x10029cf</value>
         <object_component_ref idref="oc-364"/>
      </symbol>
      <symbol id="sm-7b5">
         <name>PRCMSysResetCauseGet</name>
         <value>0x1001ef9</value>
         <object_component_ref idref="oc-35d"/>
      </symbol>
      <symbol id="sm-7b6">
         <name>PRCMPeripheralClkDisable</name>
         <value>0x1002809</value>
         <object_component_ref idref="oc-37c"/>
      </symbol>
      <symbol id="sm-7b7">
         <name>PRCMHIBRegRead</name>
         <value>0x10029b9</value>
         <object_component_ref idref="oc-36a"/>
      </symbol>
      <symbol id="sm-7bf">
         <name>UtilsDelay</name>
         <value>0x1002b69</value>
         <object_component_ref idref="oc-363"/>
      </symbol>
      <symbol id="sm-7c9">
         <name>CPUcpsid</name>
         <value>0x10029fb</value>
         <object_component_ref idref="oc-9f"/>
      </symbol>
      <symbol id="sm-7d9">
         <name>FlashDisable</name>
         <value>0x1002249</value>
         <object_component_ref idref="oc-5eb"/>
      </symbol>
      <symbol id="sm-7e9">
         <name>__aeabi_lmul</name>
         <value>0x10029a1</value>
         <object_component_ref idref="oc-51a"/>
      </symbol>
      <symbol id="sm-804">
         <name>memcpy</name>
         <value>0x1001679</value>
         <object_component_ref idref="oc-37"/>
      </symbol>
      <symbol id="sm-805">
         <name>__aeabi_memcpy</name>
         <value>0x1001679</value>
         <object_component_ref idref="oc-37"/>
      </symbol>
      <symbol id="sm-806">
         <name>__aeabi_memcpy8</name>
         <value>0x1001679</value>
         <object_component_ref idref="oc-37"/>
      </symbol>
      <symbol id="sm-807">
         <name>__aeabi_memcpy4</name>
         <value>0x1001679</value>
         <object_component_ref idref="oc-37"/>
      </symbol>
      <symbol id="sm-815">
         <name>__aeabi_uldivmod</name>
         <value>0x10017ad</value>
         <object_component_ref idref="oc-50f"/>
      </symbol>
      <symbol id="sm-82a">
         <name>__TI_zero_init_nomemset</name>
         <value>0x1002a73</value>
         <object_component_ref idref="oc-43"/>
      </symbol>
      <symbol id="sm-841">
         <name>__TI_decompress_none</name>
         <value>0x1002b11</value>
         <object_component_ref idref="oc-16"/>
      </symbol>
      <symbol id="sm-864">
         <name>__TI_decompress_lzss</name>
         <value>0x1001d69</value>
         <object_component_ref idref="oc-10"/>
      </symbol>
      <symbol id="sm-876">
         <name>__stack</name>
         <value>0x2003f000</value>
         <object_component_ref idref="oc-26"/>
      </symbol>
      <symbol id="sm-877">
         <name>_c_int00_noargs</name>
         <value>0x1002859</value>
         <object_component_ref idref="oc-c1"/>
      </symbol>
      <symbol id="sm-882">
         <name>C$$EXIT</name>
         <value>0x1002b7b</value>
         <object_component_ref idref="oc-185"/>
      </symbol>
      <symbol id="sm-883">
         <name>abort</name>
         <value>0x1002b7b</value>
         <object_component_ref idref="oc-185"/>
      </symbol>
      <symbol id="sm-8fe">
         <name>_sys_memory</name>
         <value>0x20000310</value>
         <object_component_ref idref="oc-29"/>
      </symbol>
      <symbol id="sm-8ff">
         <name>free</name>
         <value>0x1001239</value>
         <object_component_ref idref="oc-3a7"/>
      </symbol>
      <symbol id="sm-900">
         <name>malloc</name>
         <value>0x1001cf1</value>
         <object_component_ref idref="oc-408"/>
      </symbol>
      <symbol id="sm-901">
         <name>minit</name>
         <value>0x1002699</value>
         <object_component_ref idref="oc-48d"/>
      </symbol>
      <symbol id="sm-916">
         <name>_nop</name>
         <value>0x100273f</value>
         <object_component_ref idref="oc-431"/>
      </symbol>
      <symbol id="sm-917">
         <name>_lock</name>
         <value>0x200088b8</value>
         <object_component_ref idref="oc-330"/>
      </symbol>
      <symbol id="sm-918">
         <name>_unlock</name>
         <value>0x200088bc</value>
         <object_component_ref idref="oc-330"/>
      </symbol>
      <symbol id="sm-924">
         <name>__aeabi_idiv0</name>
         <value>0x1002a0f</value>
         <object_component_ref idref="oc-55e"/>
      </symbol>
      <symbol id="sm-925">
         <name>__aeabi_ldiv0</name>
         <value>0x1002a0f</value>
         <object_component_ref idref="oc-55e"/>
      </symbol>
      <symbol id="sm-94d">
         <name>__TI_auto_init_nobinit_nopinit</name>
         <value>0x10024b9</value>
         <object_component_ref idref="oc-191"/>
      </symbol>
      <symbol id="sm-957">
         <name>_system_pre_init</name>
         <value>0x1002b77</value>
         <object_component_ref idref="oc-10a"/>
      </symbol>
      <symbol id="sm-959">
         <name>__TI_static_base__</name>
         <value>0x1002e18</value>
      </symbol>
      <symbol id="sm-95c">
         <name>__mpu_init</name>
         <value>0x0</value>
      </symbol>
      <symbol id="sm-95d">
         <name>_system_post_cinit</name>
         <value>0x0</value>
      </symbol>
      <symbol id="sm-95e">
         <name>NoRTOS_start</name>
         <value>0x1002b03</value>
      </symbol>
   </symbol_table>
   <title>Link successful</title>
</link_info>
